Archive member included to satisfy reference by file (symbol)

c:/intelfpga_lite/nios2eds/bin/gnu/h-x86_64-mingw32/bin/../lib/gcc/nios2-elf/5.3.0/mno-hw-mul\libgcc.a(lib2-mul.o)
                              obj/default/optimize_mining_4.o (__mulsi3)
c:/intelfpga_lite/nios2eds/bin/gnu/h-x86_64-mingw32/bin/../lib/gcc/nios2-elf/5.3.0/../../../../../H-x86_64-mingw32/nios2-elf/lib/mno-hw-mul\libsmallc.a(lib_a-memcpy.o)
                              obj/default/optimize_mining_4.o (memcpy)
c:/intelfpga_lite/nios2eds/bin/gnu/h-x86_64-mingw32/bin/../lib/gcc/nios2-elf/5.3.0/../../../../../H-x86_64-mingw32/nios2-elf/lib/mno-hw-mul\libsmallc.a(lib_a-printf.o)
                              obj/default/optimize_mining_4.o (printf)
c:/intelfpga_lite/nios2eds/bin/gnu/h-x86_64-mingw32/bin/../lib/gcc/nios2-elf/5.3.0/../../../../../H-x86_64-mingw32/nios2-elf/lib/mno-hw-mul\libsmallc.a(lib_a-puts.o)
                              obj/default/optimize_mining_4.o (puts)
c:/intelfpga_lite/nios2eds/bin/gnu/h-x86_64-mingw32/bin/../lib/gcc/nios2-elf/5.3.0/../../../../../H-x86_64-mingw32/nios2-elf/lib/mno-hw-mul\libsmallc.a(lib_a-strlen.o)
                              c:/intelfpga_lite/nios2eds/bin/gnu/h-x86_64-mingw32/bin/../lib/gcc/nios2-elf/5.3.0/../../../../../H-x86_64-mingw32/nios2-elf/lib/mno-hw-mul\libsmallc.a(lib_a-puts.o) (strlen)
c:/intelfpga_lite/nios2eds/bin/gnu/h-x86_64-mingw32/bin/../lib/gcc/nios2-elf/5.3.0/../../../../../H-x86_64-mingw32/nios2-elf/lib/mno-hw-mul\libsmallc.a(lib_a-vfprintf.o)
                              c:/intelfpga_lite/nios2eds/bin/gnu/h-x86_64-mingw32/bin/../lib/gcc/nios2-elf/5.3.0/../../../../../H-x86_64-mingw32/nios2-elf/lib/mno-hw-mul\libsmallc.a(lib_a-printf.o) (___vfprintf_internal_r)
c:/intelfpga_lite/nios2eds/bin/gnu/h-x86_64-mingw32/bin/../lib/gcc/nios2-elf/5.3.0/../../../../../H-x86_64-mingw32/nios2-elf/lib/mno-hw-mul\libsmallc.a(lib_a-fvwrite_small_dev.o)
                              c:/intelfpga_lite/nios2eds/bin/gnu/h-x86_64-mingw32/bin/../lib/gcc/nios2-elf/5.3.0/../../../../../H-x86_64-mingw32/nios2-elf/lib/mno-hw-mul\libsmallc.a(lib_a-printf.o) (__sfvwrite_small_dev)
c:/intelfpga_lite/nios2eds/bin/gnu/h-x86_64-mingw32/bin/../lib/gcc/nios2-elf/5.3.0/../../../../../H-x86_64-mingw32/nios2-elf/lib/mno-hw-mul\libsmallc.a(lib_a-impure.o)
                              c:/intelfpga_lite/nios2eds/bin/gnu/h-x86_64-mingw32/bin/../lib/gcc/nios2-elf/5.3.0/../../../../../H-x86_64-mingw32/nios2-elf/lib/mno-hw-mul\libsmallc.a(lib_a-printf.o) (_impure_ptr)
c:/intelfpga_lite/nios2eds/bin/gnu/h-x86_64-mingw32/bin/../lib/gcc/nios2-elf/5.3.0/../../../../../H-x86_64-mingw32/nios2-elf/lib/mno-hw-mul\libsmallc.a(lib_a-writer.o)
                              c:/intelfpga_lite/nios2eds/bin/gnu/h-x86_64-mingw32/bin/../lib/gcc/nios2-elf/5.3.0/../../../../../H-x86_64-mingw32/nios2-elf/lib/mno-hw-mul\libsmallc.a(lib_a-fvwrite_small_dev.o) (_write_r)
c:/intelfpga_lite/nios2eds/bin/gnu/h-x86_64-mingw32/bin/../lib/gcc/nios2-elf/5.3.0/../../../../../H-x86_64-mingw32/nios2-elf/lib/mno-hw-mul\libsmallc.a(lib_a-int_errno.o)
                              c:/intelfpga_lite/nios2eds/bin/gnu/h-x86_64-mingw32/bin/../lib/gcc/nios2-elf/5.3.0/../../../../../H-x86_64-mingw32/nios2-elf/lib/mno-hw-mul\libsmallc.a(lib_a-writer.o) (errno)
c:/intelfpga_lite/nios2eds/bin/gnu/h-x86_64-mingw32/bin/../lib/gcc/nios2-elf/5.3.0/mno-hw-mul\libgcc.a(lib2-divmod.o)
                              c:/intelfpga_lite/nios2eds/bin/gnu/h-x86_64-mingw32/bin/../lib/gcc/nios2-elf/5.3.0/../../../../../H-x86_64-mingw32/nios2-elf/lib/mno-hw-mul\libsmallc.a(lib_a-vfprintf.o) (__udivsi3)
../FW_2_bsp/\libhal_bsp.a(alt_iic.o)
                              obj/default/optimize_mining_4.o (alt_ic_isr_register)
../FW_2_bsp/\libhal_bsp.a(alt_iic_isr_register.o)
                              ../FW_2_bsp/\libhal_bsp.a(alt_iic.o) (alt_iic_isr_register)
../FW_2_bsp/\libhal_bsp.a(alt_irq_entry.o)
                              ../FW_2_bsp/\libhal_bsp.a(alt_iic_isr_register.o) (alt_irq_entry)
../FW_2_bsp/\libhal_bsp.a(alt_irq_handler.o)
                              ../FW_2_bsp/\libhal_bsp.a(alt_iic_isr_register.o) (alt_irq_handler)
../FW_2_bsp/\libhal_bsp.a(alt_irq_vars.o)
                              ../FW_2_bsp/\libhal_bsp.a(alt_iic.o) (alt_irq_active)
../FW_2_bsp/\libhal_bsp.a(alt_load.o)
                              ../FW_2_bsp//obj/HAL/src/crt0.o (alt_load)
../FW_2_bsp/\libhal_bsp.a(alt_main.o)
                              ../FW_2_bsp//obj/HAL/src/crt0.o (alt_main)
../FW_2_bsp/\libhal_bsp.a(alt_putstr.o)
                              obj/default/optimize_mining_4.o (alt_putstr)
../FW_2_bsp/\libhal_bsp.a(alt_write.o)
                              c:/intelfpga_lite/nios2eds/bin/gnu/h-x86_64-mingw32/bin/../lib/gcc/nios2-elf/5.3.0/../../../../../H-x86_64-mingw32/nios2-elf/lib/mno-hw-mul\libsmallc.a(lib_a-writer.o) (write)
../FW_2_bsp/\libhal_bsp.a(alt_sys_init.o)
                              ../FW_2_bsp/\libhal_bsp.a(alt_main.o) (alt_irq_init)
../FW_2_bsp/\libhal_bsp.a(altera_avalon_jtag_uart_write.o)
                              ../FW_2_bsp/\libhal_bsp.a(alt_putstr.o) (altera_avalon_jtag_uart_write)
../FW_2_bsp/\libhal_bsp.a(alt_dcache_flush_all.o)
                              ../FW_2_bsp/\libhal_bsp.a(alt_load.o) (alt_dcache_flush_all)
../FW_2_bsp/\libhal_bsp.a(alt_errno.o)
                              ../FW_2_bsp/\libhal_bsp.a(alt_write.o) (alt_errno)
../FW_2_bsp/\libhal_bsp.a(alt_exception_entry.o)
                              ../FW_2_bsp/\libhal_bsp.a(alt_irq_entry.o) (alt_exception)
../FW_2_bsp/\libhal_bsp.a(alt_icache_flush_all.o)
                              ../FW_2_bsp/\libhal_bsp.a(alt_load.o) (alt_icache_flush_all)
../FW_2_bsp/\libhal_bsp.a(alt_instruction_exception_entry.o)
                              ../FW_2_bsp/\libhal_bsp.a(alt_exception_entry.o) (alt_instruction_exception_entry)
../FW_2_bsp/\libhal_bsp.a(altera_nios2_gen2_irq.o)
                              ../FW_2_bsp/\libhal_bsp.a(alt_sys_init.o) (altera_nios2_gen2_irq_init)

Allocating common symbols
Common symbol       size              file

alt_irq             0x100             ../FW_2_bsp/\libhal_bsp.a(alt_irq_handler.o)
final_digest_1      0x4               obj/default/optimize_mining_4.o
final_digest_6      0x4               obj/default/optimize_mining_4.o
final_digest_9      0x4               obj/default/optimize_mining_4.o
errno               0x4               c:/intelfpga_lite/nios2eds/bin/gnu/h-x86_64-mingw32/bin/../lib/gcc/nios2-elf/5.3.0/../../../../../H-x86_64-mingw32/nios2-elf/lib/mno-hw-mul\libsmallc.a(lib_a-int_errno.o)
final_digest_8      0x4               obj/default/optimize_mining_4.o
final_digest_3      0x4               obj/default/optimize_mining_4.o
final_digest_0      0x4               obj/default/optimize_mining_4.o
final_digest_2      0x4               obj/default/optimize_mining_4.o
final_digest_7      0x4               obj/default/optimize_mining_4.o
NumberOfBlock       0x4               obj/default/optimize_mining_4.o
final_digest_5      0x4               obj/default/optimize_mining_4.o
final_digest_4      0x4               obj/default/optimize_mining_4.o

Memory Configuration

Name             Origin             Length             Attributes
sdram            0x0000000000000000 0x0000000004000000
onchip_memory2_1 0x0000000004040000 0x000000000003e800
reset            0x0000000004080000 0x0000000000000020
onchip_memory2_0 0x0000000004080020 0x000000000003e7e0
*default*        0x0000000000000000 0xffffffffffffffff

Linker script and memory map

LOAD ../FW_2_bsp//obj/HAL/src/crt0.o
LOAD obj/default/SHA.o
LOAD obj/default/optimize.o
LOAD obj/default/optimize_mining.o
LOAD obj/default/optimize_mining_2.o
LOAD obj/default/optimize_mining_3.o
LOAD obj/default/optimize_mining_4.o
LOAD obj/default/refactor.o
LOAD obj/default/test_10_core_sha.o
LOAD obj/default/test_mining.o
LOAD obj/default/test_mining_10core.o
LOAD c:/intelfpga_lite/nios2eds/bin/gnu/h-x86_64-mingw32/bin/../lib/gcc/nios2-elf/5.3.0/../../../../../H-x86_64-mingw32/nios2-elf/lib/mno-hw-mul\libstdc++.a
LOAD c:/intelfpga_lite/nios2eds/bin/gnu/h-x86_64-mingw32/bin/../lib/gcc/nios2-elf/5.3.0/../../../../../H-x86_64-mingw32/nios2-elf/lib/mno-hw-mul\libm.a
LOAD c:/intelfpga_lite/nios2eds/bin/gnu/h-x86_64-mingw32/bin/../lib/gcc/nios2-elf/5.3.0/mno-hw-mul\libgcc.a
START GROUP
LOAD c:/intelfpga_lite/nios2eds/bin/gnu/h-x86_64-mingw32/bin/../lib/gcc/nios2-elf/5.3.0/../../../../../H-x86_64-mingw32/nios2-elf/lib/mno-hw-mul\libsmallc.a
LOAD c:/intelfpga_lite/nios2eds/bin/gnu/h-x86_64-mingw32/bin/../lib/gcc/nios2-elf/5.3.0/mno-hw-mul\libgcc.a
LOAD ../FW_2_bsp/\libhal_bsp.a
LOAD c:/intelfpga_lite/nios2eds/bin/gnu/h-x86_64-mingw32/bin/../lib/gcc/nios2-elf/5.3.0/../../../../../H-x86_64-mingw32/nios2-elf/lib/mno-hw-mul\libm.a
END GROUP
LOAD c:/intelfpga_lite/nios2eds/bin/gnu/h-x86_64-mingw32/bin/../lib/gcc/nios2-elf/5.3.0/mno-hw-mul\libgcc.a
                0x0000000000000000                __alt_mem_sdram = 0x0
                0x0000000004040000                __alt_mem_onchip_memory2_1 = 0x4040000
                0x0000000004080000                __alt_mem_onchip_memory2_0 = 0x4080000

.entry          0x0000000004080000       0x20
 *(.entry)
 .entry         0x0000000004080000       0x20 ../FW_2_bsp//obj/HAL/src/crt0.o
                0x0000000004080000                __reset
                0x000000000408000c                _exit

.exceptions     0x0000000004080020      0x160
                0x0000000004080020                PROVIDE (__ram_exceptions_start, ABSOLUTE (.))
                0x0000000004080020                . = ALIGN (0x20)
 *(.irq)
 *(.exceptions.entry.label)
 .exceptions.entry.label
                0x0000000004080020        0x0 ../FW_2_bsp/\libhal_bsp.a(alt_irq_entry.o)
                0x0000000004080020                alt_irq_entry
 .exceptions.entry.label
                0x0000000004080020        0x0 ../FW_2_bsp/\libhal_bsp.a(alt_exception_entry.o)
                0x0000000004080020                alt_exception
 *(.exceptions.entry.user)
 *(.exceptions.entry.ecc_fatal)
 *(.exceptions.entry)
 .exceptions.entry
                0x0000000004080020       0x54 ../FW_2_bsp/\libhal_bsp.a(alt_exception_entry.o)
 *(.exceptions.irqtest.user)
 *(.exceptions.irqtest)
 .exceptions.irqtest
                0x0000000004080074       0x10 ../FW_2_bsp/\libhal_bsp.a(alt_irq_entry.o)
 *(.exceptions.irqhandler.user)
 *(.exceptions.irqhandler)
 .exceptions.irqhandler
                0x0000000004080084        0x4 ../FW_2_bsp/\libhal_bsp.a(alt_irq_entry.o)
 *(.exceptions.irqreturn.user)
 *(.exceptions.irqreturn)
 .exceptions.irqreturn
                0x0000000004080088        0x4 ../FW_2_bsp/\libhal_bsp.a(alt_irq_entry.o)
 *(.exceptions.notirq.label)
 .exceptions.notirq.label
                0x000000000408008c        0x0 ../FW_2_bsp/\libhal_bsp.a(alt_irq_entry.o)
 *(.exceptions.notirq.user)
 *(.exceptions.notirq)
 .exceptions.notirq
                0x000000000408008c        0x8 ../FW_2_bsp/\libhal_bsp.a(alt_exception_entry.o)
 *(.exceptions.soft.user)
 *(.exceptions.soft)
 *(.exceptions.unknown.user)
 *(.exceptions.unknown)
 .exceptions.unknown
                0x0000000004080094       0x14 ../FW_2_bsp/\libhal_bsp.a(alt_exception_entry.o)
 *(.exceptions.exit.label)
 .exceptions.exit.label
                0x00000000040800a8        0x0 ../FW_2_bsp/\libhal_bsp.a(alt_irq_entry.o)
 .exceptions.exit.label
                0x00000000040800a8        0x0 ../FW_2_bsp/\libhal_bsp.a(alt_exception_entry.o)
 *(.exceptions.exit.user)
 *(.exceptions.exit)
 .exceptions.exit
                0x00000000040800a8       0x54 ../FW_2_bsp/\libhal_bsp.a(alt_exception_entry.o)
 *(.exceptions)
 .exceptions    0x00000000040800fc       0x60 ../FW_2_bsp/\libhal_bsp.a(alt_irq_handler.o)
                0x00000000040800fc                alt_irq_handler
 .exceptions    0x000000000408015c       0x24 ../FW_2_bsp/\libhal_bsp.a(alt_instruction_exception_entry.o)
                0x000000000408015c                alt_instruction_exception_entry
                0x0000000004080180                PROVIDE (__ram_exceptions_end, ABSOLUTE (.))
                0x0000000004080020                PROVIDE (__flash_exceptions_start, LOADADDR (.exceptions))

.text           0x0000000004080180     0x280c
                [!provide]                        PROVIDE (stext, ABSOLUTE (.))
 *(.interp)
 *(.hash)
 *(.dynsym)
 *(.dynstr)
 *(.gnu.version)
 *(.gnu.version_d)
 *(.gnu.version_r)
 *(.rel.init)
 *(.rela.init)
 *(.rel.text .rel.text.* .rel.gnu.linkonce.t.*)
 *(.rela.text .rela.text.* .rela.gnu.linkonce.t.*)
 *(.rel.fini)
 *(.rela.fini)
 *(.rel.rodata .rel.rodata.* .rel.gnu.linkonce.r.*)
 *(.rela.rodata .rela.rodata.* .rela.gnu.linkonce.r.*)
 *(.rel.data .rel.data.* .rel.gnu.linkonce.d.*)
 *(.rela.data .rela.data.* .rela.gnu.linkonce.d.*)
 *(.rel.tdata .rel.tdata.* .rel.gnu.linkonce.td.*)
 *(.rela.tdata .rela.tdata.* .rela.gnu.linkonce.td.*)
 *(.rel.tbss .rel.tbss.* .rel.gnu.linkonce.tb.*)
 *(.rela.tbss .rela.tbss.* .rela.gnu.linkonce.tb.*)
 *(.rel.ctors)
 *(.rela.ctors)
 *(.rel.dtors)
 *(.rela.dtors)
 *(.rel.got)
 *(.rela.got)
 *(.rel.sdata .rel.sdata.* .rel.gnu.linkonce.s.*)
 *(.rela.sdata .rela.sdata.* .rela.gnu.linkonce.s.*)
 *(.rel.sbss .rel.sbss.* .rel.gnu.linkonce.sb.*)
 *(.rela.sbss .rela.sbss.* .rela.gnu.linkonce.sb.*)
 *(.rel.sdata2 .rel.sdata2.* .rel.gnu.linkonce.s2.*)
 *(.rela.sdata2 .rela.sdata2.* .rela.gnu.linkonce.s2.*)
 *(.rel.sbss2 .rel.sbss2.* .rel.gnu.linkonce.sb2.*)
 *(.rela.sbss2 .rela.sbss2.* .rela.gnu.linkonce.sb2.*)
 *(.rel.bss .rel.bss.* .rel.gnu.linkonce.b.*)
 *(.rela.bss .rela.bss.* .rela.gnu.linkonce.b.*)
 *(.rel.plt)
 *(.rela.plt)
 *(.rel.dyn)
 *(.init)
 *(.plt)
 *(.text .stub .text.* .gnu.linkonce.t.*)
 .text          0x0000000004080180       0x3c ../FW_2_bsp//obj/HAL/src/crt0.o
                0x0000000004080180                _start
 .text          0x00000000040801bc      0x580 obj/default/SHA.o
                0x00000000040801bc                write_word
                0x00000000040801d0                read_word
                0x00000000040801e4                write_ctrl
                0x00000000040801ec                write_block
                0x000000000408020c                write_clr_irq
                0x0000000004080218                read_control
                0x0000000004080220                read_status
                0x0000000004080228                read_block
                0x000000000408024c                read_digest
                0x000000000408026c                getLength
                0x0000000004080288                Padding
                0x00000000040803f4                storeTargetIntoMemory
                0x0000000004080464                Padding_Mem
                0x000000000408064c                SHA_Init
                0x0000000004080690                reverse_byte_in_memory
                0x00000000040806d4                compareWithTarget
                0x0000000004080710                padding_for_first_hash
 .text          0x000000000408073c        0x0 obj/default/optimize.o
 .text          0x000000000408073c        0x0 obj/default/optimize_mining.o
 .text          0x000000000408073c        0x0 obj/default/optimize_mining_2.o
 .text          0x000000000408073c        0x0 obj/default/optimize_mining_3.o
 .text          0x000000000408073c      0x67c obj/default/optimize_mining_4.o
                0x000000000408073c                SHA_0_IRQ_Handler
                0x00000000040807e0                SHA_1_IRQ_Handler
                0x0000000004080884                SHA_2_IRQ_Handler
                0x0000000004080928                SHA_3_IRQ_Handler
                0x00000000040809cc                SHA_4_IRQ_Handler
                0x0000000004080a70                SHA_5_IRQ_Handler
                0x0000000004080b14                SHA_6_IRQ_Handler
                0x0000000004080bb8                SHA_7_IRQ_Handler
                0x0000000004080c5c                SHA_8_IRQ_Handler
                0x0000000004080d00                SHA_9_IRQ_Handler
                0x0000000004080da4                init_block_header
 .text.startup  0x0000000004080db8      0xe60 obj/default/optimize_mining_4.o
                0x0000000004080db8                main
 .text          0x0000000004081c18        0x0 obj/default/refactor.o
 .text          0x0000000004081c18        0x0 obj/default/test_10_core_sha.o
 .text          0x0000000004081c18        0x0 obj/default/test_mining.o
 .text          0x0000000004081c18        0x0 obj/default/test_mining_10core.o
 .text          0x0000000004081c18       0x28 c:/intelfpga_lite/nios2eds/bin/gnu/h-x86_64-mingw32/bin/../lib/gcc/nios2-elf/5.3.0/mno-hw-mul\libgcc.a(lib2-mul.o)
                0x0000000004081c18                __mulsi3
 .text          0x0000000004081c40        0x0 c:/intelfpga_lite/nios2eds/bin/gnu/h-x86_64-mingw32/bin/../lib/gcc/nios2-elf/5.3.0/../../../../../H-x86_64-mingw32/nios2-elf/lib/mno-hw-mul\libsmallc.a(lib_a-memcpy.o)
 .text.memcpy   0x0000000004081c40       0x28 c:/intelfpga_lite/nios2eds/bin/gnu/h-x86_64-mingw32/bin/../lib/gcc/nios2-elf/5.3.0/../../../../../H-x86_64-mingw32/nios2-elf/lib/mno-hw-mul\libsmallc.a(lib_a-memcpy.o)
                0x0000000004081c40                memcpy
 .text          0x0000000004081c68        0x0 c:/intelfpga_lite/nios2eds/bin/gnu/h-x86_64-mingw32/bin/../lib/gcc/nios2-elf/5.3.0/../../../../../H-x86_64-mingw32/nios2-elf/lib/mno-hw-mul\libsmallc.a(lib_a-printf.o)
 .text._printf_r
                0x0000000004081c68       0x3c c:/intelfpga_lite/nios2eds/bin/gnu/h-x86_64-mingw32/bin/../lib/gcc/nios2-elf/5.3.0/../../../../../H-x86_64-mingw32/nios2-elf/lib/mno-hw-mul\libsmallc.a(lib_a-printf.o)
                0x0000000004081c68                _printf_r
 .text.printf   0x0000000004081ca4       0x4c c:/intelfpga_lite/nios2eds/bin/gnu/h-x86_64-mingw32/bin/../lib/gcc/nios2-elf/5.3.0/../../../../../H-x86_64-mingw32/nios2-elf/lib/mno-hw-mul\libsmallc.a(lib_a-printf.o)
                0x0000000004081ca4                printf
 .text          0x0000000004081cf0        0x0 c:/intelfpga_lite/nios2eds/bin/gnu/h-x86_64-mingw32/bin/../lib/gcc/nios2-elf/5.3.0/../../../../../H-x86_64-mingw32/nios2-elf/lib/mno-hw-mul\libsmallc.a(lib_a-puts.o)
 .text._puts_r  0x0000000004081cf0       0x80 c:/intelfpga_lite/nios2eds/bin/gnu/h-x86_64-mingw32/bin/../lib/gcc/nios2-elf/5.3.0/../../../../../H-x86_64-mingw32/nios2-elf/lib/mno-hw-mul\libsmallc.a(lib_a-puts.o)
                0x0000000004081cf0                _puts_r
 .text.puts     0x0000000004081d70       0x14 c:/intelfpga_lite/nios2eds/bin/gnu/h-x86_64-mingw32/bin/../lib/gcc/nios2-elf/5.3.0/../../../../../H-x86_64-mingw32/nios2-elf/lib/mno-hw-mul\libsmallc.a(lib_a-puts.o)
                0x0000000004081d70                puts
 .text          0x0000000004081d84        0x0 c:/intelfpga_lite/nios2eds/bin/gnu/h-x86_64-mingw32/bin/../lib/gcc/nios2-elf/5.3.0/../../../../../H-x86_64-mingw32/nios2-elf/lib/mno-hw-mul\libsmallc.a(lib_a-strlen.o)
 .text.strlen   0x0000000004081d84       0x1c c:/intelfpga_lite/nios2eds/bin/gnu/h-x86_64-mingw32/bin/../lib/gcc/nios2-elf/5.3.0/../../../../../H-x86_64-mingw32/nios2-elf/lib/mno-hw-mul\libsmallc.a(lib_a-strlen.o)
                0x0000000004081d84                strlen
 .text          0x0000000004081da0        0x0 c:/intelfpga_lite/nios2eds/bin/gnu/h-x86_64-mingw32/bin/../lib/gcc/nios2-elf/5.3.0/../../../../../H-x86_64-mingw32/nios2-elf/lib/mno-hw-mul\libsmallc.a(lib_a-vfprintf.o)
 .text.print_repeat
                0x0000000004081da0       0x6c c:/intelfpga_lite/nios2eds/bin/gnu/h-x86_64-mingw32/bin/../lib/gcc/nios2-elf/5.3.0/../../../../../H-x86_64-mingw32/nios2-elf/lib/mno-hw-mul\libsmallc.a(lib_a-vfprintf.o)
 .text.___vfprintf_internal_r
                0x0000000004081e0c      0x52c c:/intelfpga_lite/nios2eds/bin/gnu/h-x86_64-mingw32/bin/../lib/gcc/nios2-elf/5.3.0/../../../../../H-x86_64-mingw32/nios2-elf/lib/mno-hw-mul\libsmallc.a(lib_a-vfprintf.o)
                0x0000000004081e0c                ___vfprintf_internal_r
 .text.__vfprintf_internal
                0x0000000004082338       0x1c c:/intelfpga_lite/nios2eds/bin/gnu/h-x86_64-mingw32/bin/../lib/gcc/nios2-elf/5.3.0/../../../../../H-x86_64-mingw32/nios2-elf/lib/mno-hw-mul\libsmallc.a(lib_a-vfprintf.o)
                0x0000000004082338                __vfprintf_internal
 .text          0x0000000004082354        0x0 c:/intelfpga_lite/nios2eds/bin/gnu/h-x86_64-mingw32/bin/../lib/gcc/nios2-elf/5.3.0/../../../../../H-x86_64-mingw32/nios2-elf/lib/mno-hw-mul\libsmallc.a(lib_a-fvwrite_small_dev.o)
 .text.__sfvwrite_small_dev
                0x0000000004082354       0xb8 c:/intelfpga_lite/nios2eds/bin/gnu/h-x86_64-mingw32/bin/../lib/gcc/nios2-elf/5.3.0/../../../../../H-x86_64-mingw32/nios2-elf/lib/mno-hw-mul\libsmallc.a(lib_a-fvwrite_small_dev.o)
                0x0000000004082354                __sfvwrite_small_dev
 .text          0x000000000408240c        0x0 c:/intelfpga_lite/nios2eds/bin/gnu/h-x86_64-mingw32/bin/../lib/gcc/nios2-elf/5.3.0/../../../../../H-x86_64-mingw32/nios2-elf/lib/mno-hw-mul\libsmallc.a(lib_a-impure.o)
 .text          0x000000000408240c        0x0 c:/intelfpga_lite/nios2eds/bin/gnu/h-x86_64-mingw32/bin/../lib/gcc/nios2-elf/5.3.0/../../../../../H-x86_64-mingw32/nios2-elf/lib/mno-hw-mul\libsmallc.a(lib_a-writer.o)
 .text._write_r
                0x000000000408240c       0x58 c:/intelfpga_lite/nios2eds/bin/gnu/h-x86_64-mingw32/bin/../lib/gcc/nios2-elf/5.3.0/../../../../../H-x86_64-mingw32/nios2-elf/lib/mno-hw-mul\libsmallc.a(lib_a-writer.o)
                0x000000000408240c                _write_r
 .text          0x0000000004082464        0x0 c:/intelfpga_lite/nios2eds/bin/gnu/h-x86_64-mingw32/bin/../lib/gcc/nios2-elf/5.3.0/../../../../../H-x86_64-mingw32/nios2-elf/lib/mno-hw-mul\libsmallc.a(lib_a-int_errno.o)
 .text          0x0000000004082464      0x1b4 c:/intelfpga_lite/nios2eds/bin/gnu/h-x86_64-mingw32/bin/../lib/gcc/nios2-elf/5.3.0/mno-hw-mul\libgcc.a(lib2-divmod.o)
                0x0000000004082464                __divsi3
                0x00000000040824e8                __modsi3
                0x000000000408255c                __udivsi3
                0x00000000040825c0                __umodsi3
 .text          0x0000000004082618       0x8c ../FW_2_bsp/\libhal_bsp.a(alt_iic.o)
                0x0000000004082618                alt_ic_isr_register
                0x000000000408261c                alt_ic_irq_enable
                0x0000000004082654                alt_ic_irq_disable
                0x000000000408268c                alt_ic_irq_enabled
 .text          0x00000000040826a4       0x68 ../FW_2_bsp/\libhal_bsp.a(alt_iic_isr_register.o)
                0x00000000040826a4                alt_iic_isr_register
 .text          0x000000000408270c        0x0 ../FW_2_bsp/\libhal_bsp.a(alt_irq_entry.o)
 .text          0x000000000408270c        0x0 ../FW_2_bsp/\libhal_bsp.a(alt_irq_handler.o)
 .text          0x000000000408270c        0x0 ../FW_2_bsp/\libhal_bsp.a(alt_irq_vars.o)
 .text          0x000000000408270c       0xe0 ../FW_2_bsp/\libhal_bsp.a(alt_load.o)
                0x000000000408270c                alt_load
 .text          0x00000000040827ec       0x2c ../FW_2_bsp/\libhal_bsp.a(alt_main.o)
                0x00000000040827ec                alt_main
 .text          0x0000000004082818       0x38 ../FW_2_bsp/\libhal_bsp.a(alt_putstr.o)
                0x0000000004082818                alt_putstr
 .text          0x0000000004082850       0x60 ../FW_2_bsp/\libhal_bsp.a(alt_write.o)
                0x0000000004082850                write
 .text          0x00000000040828b0       0x24 ../FW_2_bsp/\libhal_bsp.a(alt_sys_init.o)
                0x00000000040828b0                alt_irq_init
                0x00000000040828d0                alt_sys_init
 .text          0x00000000040828d4       0x34 ../FW_2_bsp/\libhal_bsp.a(altera_avalon_jtag_uart_write.o)
                0x00000000040828d4                altera_avalon_jtag_uart_write
 .text          0x0000000004082908        0x4 ../FW_2_bsp/\libhal_bsp.a(alt_dcache_flush_all.o)
                0x0000000004082908                alt_dcache_flush_all
 .text          0x000000000408290c        0x0 ../FW_2_bsp/\libhal_bsp.a(alt_errno.o)
 .text          0x000000000408290c        0x0 ../FW_2_bsp/\libhal_bsp.a(alt_exception_entry.o)
 .text          0x000000000408290c        0x4 ../FW_2_bsp/\libhal_bsp.a(alt_icache_flush_all.o)
                0x000000000408290c                alt_icache_flush_all
 .text          0x0000000004082910       0x74 ../FW_2_bsp/\libhal_bsp.a(alt_instruction_exception_entry.o)
                0x0000000004082910                alt_exception_cause_generated_bad_addr
 .text          0x0000000004082984        0x8 ../FW_2_bsp/\libhal_bsp.a(altera_nios2_gen2_irq.o)
                0x0000000004082984                altera_nios2_gen2_irq_init
 *(.gnu.warning.*)
 *(.fini)
                [!provide]                        PROVIDE (__etext, ABSOLUTE (.))
                [!provide]                        PROVIDE (_etext, ABSOLUTE (.))
                [!provide]                        PROVIDE (etext, ABSOLUTE (.))
 *(.eh_frame_hdr)
                0x000000000408298c                . = ALIGN (0x4)
                [!provide]                        PROVIDE (__preinit_array_start, ABSOLUTE (.))
 *(.preinit_array)
                [!provide]                        PROVIDE (__preinit_array_end, ABSOLUTE (.))
                [!provide]                        PROVIDE (__init_array_start, ABSOLUTE (.))
 *(.init_array)
                [!provide]                        PROVIDE (__init_array_end, ABSOLUTE (.))
                [!provide]                        PROVIDE (__fini_array_start, ABSOLUTE (.))
 *(.fini_array)
                [!provide]                        PROVIDE (__fini_array_end, ABSOLUTE (.))
 *(.eh_frame)
 *(.gcc_except_table .gcc_except_table.*)
 *(.dynamic)
                [!provide]                        PROVIDE (__CTOR_LIST__, ABSOLUTE (.))
 *(.ctors)
 *(SORT(.ctors.*))
                [!provide]                        PROVIDE (__CTOR_END__, ABSOLUTE (.))
                [!provide]                        PROVIDE (__DTOR_LIST__, ABSOLUTE (.))
 *(.dtors)
 *(SORT(.dtors.*))
                [!provide]                        PROVIDE (__DTOR_END__, ABSOLUTE (.))
 *(.jcr)
                0x000000000408298c                . = ALIGN (0x4)

.rodata         0x000000000408298c      0x260
                0x000000000408298c                PROVIDE (__ram_rodata_start, ABSOLUTE (.))
                0x000000000408298c                . = ALIGN (0x4)
 *(.rodata .rodata.* .gnu.linkonce.r.*)
 .rodata.str1.4
                0x000000000408298c      0x11f obj/default/optimize_mining_4.o
 *fill*         0x0000000004082aab        0x1 
 .rodata        0x0000000004082aac      0x140 obj/default/optimize_mining_4.o
 .rodata.str1.4
                0x0000000004082bec      0x120 c:/intelfpga_lite/nios2eds/bin/gnu/h-x86_64-mingw32/bin/../lib/gcc/nios2-elf/5.3.0/../../../../../H-x86_64-mingw32/nios2-elf/lib/mno-hw-mul\libsmallc.a(lib_a-puts.o)
                                          0x2 (size before relaxing)
 *(.rodata1)
                0x0000000004082d0c                . = ALIGN (0x4)
                0x0000000004082d0c                PROVIDE (__ram_rodata_end, ABSOLUTE (.))
                0x000000000408298c                PROVIDE (__flash_rodata_start, LOADADDR (.rodata))

.rwdata         0x0000000004082bec      0x144 load address 0x0000000004082d30
                0x0000000004082bec                PROVIDE (__ram_rwdata_start, ABSOLUTE (.))
                0x0000000004082bec                . = ALIGN (0x4)
 *(.got.plt)
 *(.got)
 *(.data1)
 *(.data .data.* .gnu.linkonce.d.*)
 .data          0x0000000004082bec        0x0 ../FW_2_bsp//obj/HAL/src/crt0.o
 .data          0x0000000004082bec        0x0 obj/default/SHA.o
 .data          0x0000000004082bec        0x0 obj/default/optimize.o
 .data          0x0000000004082bec        0x0 obj/default/optimize_mining.o
 .data          0x0000000004082bec        0x0 obj/default/optimize_mining_2.o
 .data          0x0000000004082bec        0x0 obj/default/optimize_mining_3.o
 .data          0x0000000004082bec        0x0 obj/default/optimize_mining_4.o
 .data          0x0000000004082bec        0x0 obj/default/refactor.o
 .data          0x0000000004082bec        0x0 obj/default/test_10_core_sha.o
 .data          0x0000000004082bec        0x0 obj/default/test_mining.o
 .data          0x0000000004082bec        0x0 obj/default/test_mining_10core.o
 .data          0x0000000004082bec        0x0 c:/intelfpga_lite/nios2eds/bin/gnu/h-x86_64-mingw32/bin/../lib/gcc/nios2-elf/5.3.0/mno-hw-mul\libgcc.a(lib2-mul.o)
 .data          0x0000000004082bec        0x0 c:/intelfpga_lite/nios2eds/bin/gnu/h-x86_64-mingw32/bin/../lib/gcc/nios2-elf/5.3.0/../../../../../H-x86_64-mingw32/nios2-elf/lib/mno-hw-mul\libsmallc.a(lib_a-memcpy.o)
 .data          0x0000000004082bec        0x0 c:/intelfpga_lite/nios2eds/bin/gnu/h-x86_64-mingw32/bin/../lib/gcc/nios2-elf/5.3.0/../../../../../H-x86_64-mingw32/nios2-elf/lib/mno-hw-mul\libsmallc.a(lib_a-printf.o)
 .data          0x0000000004082bec        0x0 c:/intelfpga_lite/nios2eds/bin/gnu/h-x86_64-mingw32/bin/../lib/gcc/nios2-elf/5.3.0/../../../../../H-x86_64-mingw32/nios2-elf/lib/mno-hw-mul\libsmallc.a(lib_a-puts.o)
 .data          0x0000000004082bec        0x0 c:/intelfpga_lite/nios2eds/bin/gnu/h-x86_64-mingw32/bin/../lib/gcc/nios2-elf/5.3.0/../../../../../H-x86_64-mingw32/nios2-elf/lib/mno-hw-mul\libsmallc.a(lib_a-strlen.o)
 .data          0x0000000004082bec        0x0 c:/intelfpga_lite/nios2eds/bin/gnu/h-x86_64-mingw32/bin/../lib/gcc/nios2-elf/5.3.0/../../../../../H-x86_64-mingw32/nios2-elf/lib/mno-hw-mul\libsmallc.a(lib_a-vfprintf.o)
 .data          0x0000000004082bec        0x0 c:/intelfpga_lite/nios2eds/bin/gnu/h-x86_64-mingw32/bin/../lib/gcc/nios2-elf/5.3.0/../../../../../H-x86_64-mingw32/nios2-elf/lib/mno-hw-mul\libsmallc.a(lib_a-fvwrite_small_dev.o)
 .data          0x0000000004082bec        0x0 c:/intelfpga_lite/nios2eds/bin/gnu/h-x86_64-mingw32/bin/../lib/gcc/nios2-elf/5.3.0/../../../../../H-x86_64-mingw32/nios2-elf/lib/mno-hw-mul\libsmallc.a(lib_a-impure.o)
 .data.impure_data
                0x0000000004082bec       0xe0 c:/intelfpga_lite/nios2eds/bin/gnu/h-x86_64-mingw32/bin/../lib/gcc/nios2-elf/5.3.0/../../../../../H-x86_64-mingw32/nios2-elf/lib/mno-hw-mul\libsmallc.a(lib_a-impure.o)
 .data          0x0000000004082ccc        0x0 c:/intelfpga_lite/nios2eds/bin/gnu/h-x86_64-mingw32/bin/../lib/gcc/nios2-elf/5.3.0/../../../../../H-x86_64-mingw32/nios2-elf/lib/mno-hw-mul\libsmallc.a(lib_a-writer.o)
 .data          0x0000000004082ccc        0x0 c:/intelfpga_lite/nios2eds/bin/gnu/h-x86_64-mingw32/bin/../lib/gcc/nios2-elf/5.3.0/../../../../../H-x86_64-mingw32/nios2-elf/lib/mno-hw-mul\libsmallc.a(lib_a-int_errno.o)
 .data          0x0000000004082ccc        0x0 c:/intelfpga_lite/nios2eds/bin/gnu/h-x86_64-mingw32/bin/../lib/gcc/nios2-elf/5.3.0/mno-hw-mul\libgcc.a(lib2-divmod.o)
 .data          0x0000000004082ccc        0x0 ../FW_2_bsp/\libhal_bsp.a(alt_iic.o)
 .data          0x0000000004082ccc        0x0 ../FW_2_bsp/\libhal_bsp.a(alt_iic_isr_register.o)
 .data          0x0000000004082ccc        0x0 ../FW_2_bsp/\libhal_bsp.a(alt_irq_entry.o)
 .data          0x0000000004082ccc        0x0 ../FW_2_bsp/\libhal_bsp.a(alt_irq_handler.o)
 .data          0x0000000004082ccc        0x0 ../FW_2_bsp/\libhal_bsp.a(alt_irq_vars.o)
 .data          0x0000000004082ccc        0x0 ../FW_2_bsp/\libhal_bsp.a(alt_load.o)
 .data          0x0000000004082ccc        0x0 ../FW_2_bsp/\libhal_bsp.a(alt_main.o)
 .data          0x0000000004082ccc        0x0 ../FW_2_bsp/\libhal_bsp.a(alt_putstr.o)
 .data          0x0000000004082ccc        0x0 ../FW_2_bsp/\libhal_bsp.a(alt_write.o)
 .data          0x0000000004082ccc        0x0 ../FW_2_bsp/\libhal_bsp.a(alt_sys_init.o)
 .data          0x0000000004082ccc        0x0 ../FW_2_bsp/\libhal_bsp.a(altera_avalon_jtag_uart_write.o)
 .data          0x0000000004082ccc        0x0 ../FW_2_bsp/\libhal_bsp.a(alt_dcache_flush_all.o)
 .data          0x0000000004082ccc        0x0 ../FW_2_bsp/\libhal_bsp.a(alt_errno.o)
 .data          0x0000000004082ccc        0x0 ../FW_2_bsp/\libhal_bsp.a(alt_exception_entry.o)
 .data          0x0000000004082ccc        0x0 ../FW_2_bsp/\libhal_bsp.a(alt_icache_flush_all.o)
 .data          0x0000000004082ccc        0x0 ../FW_2_bsp/\libhal_bsp.a(alt_instruction_exception_entry.o)
 .data          0x0000000004082ccc        0x0 ../FW_2_bsp/\libhal_bsp.a(altera_nios2_gen2_irq.o)
                0x000000000408accc                _gp = ABSOLUTE ((. + 0x8000))
                [!provide]                        PROVIDE (gp, _gp)
 *(.rwdata .rwdata.*)
 *(.sdata .sdata.* .gnu.linkonce.s.*)
 .sdata         0x0000000004082ccc       0x50 obj/default/optimize_mining_4.o
                0x0000000004082ccc                nounce9
                0x0000000004082cd0                nounce8
                0x0000000004082cd4                nounce7
                0x0000000004082cd8                nounce6
                0x0000000004082cdc                nounce5
                0x0000000004082ce0                nounce4
                0x0000000004082ce4                nounce3
                0x0000000004082ce8                nounce2
                0x0000000004082cec                nounce1
                0x0000000004082cf0                mem_base_target
                0x0000000004082cf4                mem_base9
                0x0000000004082cf8                mem_base8
                0x0000000004082cfc                mem_base7
                0x0000000004082d00                mem_base6
                0x0000000004082d04                mem_base5
                0x0000000004082d08                mem_base4
                0x0000000004082d0c                mem_base3
                0x0000000004082d10                mem_base2
                0x0000000004082d14                mem_base1
                0x0000000004082d18                memory_ptr
 .sdata._global_impure_ptr
                0x0000000004082d1c        0x4 c:/intelfpga_lite/nios2eds/bin/gnu/h-x86_64-mingw32/bin/../lib/gcc/nios2-elf/5.3.0/../../../../../H-x86_64-mingw32/nios2-elf/lib/mno-hw-mul\libsmallc.a(lib_a-impure.o)
                0x0000000004082d1c                _global_impure_ptr
 .sdata._impure_ptr
                0x0000000004082d20        0x4 c:/intelfpga_lite/nios2eds/bin/gnu/h-x86_64-mingw32/bin/../lib/gcc/nios2-elf/5.3.0/../../../../../H-x86_64-mingw32/nios2-elf/lib/mno-hw-mul\libsmallc.a(lib_a-impure.o)
                0x0000000004082d20                _impure_ptr
 .sdata         0x0000000004082d24        0x4 ../FW_2_bsp/\libhal_bsp.a(alt_irq_vars.o)
                0x0000000004082d24                alt_priority_mask
 .sdata         0x0000000004082d28        0x4 ../FW_2_bsp/\libhal_bsp.a(alt_sys_init.o)
                0x0000000004082d28                jtag_uart_0
 .sdata         0x0000000004082d2c        0x4 ../FW_2_bsp/\libhal_bsp.a(alt_errno.o)
                0x0000000004082d2c                alt_errno
 *(.sdata2 .sdata2.* .gnu.linkonce.s2.*)
                0x0000000004082d30                . = ALIGN (0x4)
                0x0000000004082d30                _edata = ABSOLUTE (.)
                [!provide]                        PROVIDE (edata, ABSOLUTE (.))
                0x0000000004082d30                PROVIDE (__ram_rwdata_end, ABSOLUTE (.))
                0x0000000004082d30                PROVIDE (__flash_rwdata_start, LOADADDR (.rwdata))

.bss            0x0000000004082e74      0x220
                0x0000000004082e74                __bss_start = ABSOLUTE (.)
                [!provide]                        PROVIDE (__sbss_start, ABSOLUTE (.))
                [!provide]                        PROVIDE (___sbss_start, ABSOLUTE (.))
 *(.dynsbss)
 *(.sbss .sbss.* .gnu.linkonce.sb.*)
 .sbss          0x0000000004082e74       0x5c obj/default/optimize_mining_4.o
                0x0000000004082e74                flag9
                0x0000000004082e78                flag8
                0x0000000004082e7c                flag7
                0x0000000004082e80                flag6
                0x0000000004082e84                flag5
                0x0000000004082e88                flag4
                0x0000000004082e8c                flag3
                0x0000000004082e90                flag2
                0x0000000004082e94                flag1
                0x0000000004082e98                flag0
                0x0000000004082e9c                count9
                0x0000000004082ea0                count8
                0x0000000004082ea4                count7
                0x0000000004082ea8                count6
                0x0000000004082eac                count5
                0x0000000004082eb0                count4
                0x0000000004082eb4                count3
                0x0000000004082eb8                count2
                0x0000000004082ebc                count1
                0x0000000004082ec0                count0
                0x0000000004082ec4                nounce0
                0x0000000004082ec8                i
                0x0000000004082ecc                index
 .sbss          0x0000000004082ed0       0x2c obj/default/optimize_mining_4.o
                0x0000000004082ed0                final_digest_1
                0x0000000004082ed4                final_digest_6
                0x0000000004082ed8                final_digest_9
                0x0000000004082edc                final_digest_8
                0x0000000004082ee0                final_digest_3
                0x0000000004082ee4                final_digest_0
                0x0000000004082ee8                final_digest_2
                0x0000000004082eec                final_digest_7
                0x0000000004082ef0                NumberOfBlock
                0x0000000004082ef4                final_digest_5
                0x0000000004082ef8                final_digest_4
 .sbss          0x0000000004082efc        0x4 c:/intelfpga_lite/nios2eds/bin/gnu/h-x86_64-mingw32/bin/../lib/gcc/nios2-elf/5.3.0/../../../../../H-x86_64-mingw32/nios2-elf/lib/mno-hw-mul\libsmallc.a(lib_a-int_errno.o)
                0x0000000004082efc                errno
 .sbss          0x0000000004082f00        0x4 ../FW_2_bsp/\libhal_bsp.a(alt_irq_vars.o)
                0x0000000004082f00                alt_irq_active
 .sbss          0x0000000004082f04        0xc ../FW_2_bsp/\libhal_bsp.a(alt_main.o)
                0x0000000004082f04                alt_envp
                0x0000000004082f08                alt_argv
                0x0000000004082f0c                alt_argc
 .sbss          0x0000000004082f10        0x4 ../FW_2_bsp/\libhal_bsp.a(alt_instruction_exception_entry.o)
                0x0000000004082f10                alt_instruction_exception_handler
 *(.sbss2 .sbss2.* .gnu.linkonce.sb2.*)
 *(.scommon)
                [!provide]                        PROVIDE (__sbss_end, ABSOLUTE (.))
                [!provide]                        PROVIDE (___sbss_end, ABSOLUTE (.))
 *(.dynbss)
 *(.bss .bss.* .gnu.linkonce.b.*)
 .bss           0x0000000004082f14        0x0 ../FW_2_bsp//obj/HAL/src/crt0.o
 .bss           0x0000000004082f14        0x0 obj/default/SHA.o
 .bss           0x0000000004082f14        0x0 obj/default/optimize.o
 .bss           0x0000000004082f14        0x0 obj/default/optimize_mining.o
 .bss           0x0000000004082f14        0x0 obj/default/optimize_mining_2.o
 .bss           0x0000000004082f14        0x0 obj/default/optimize_mining_3.o
 .bss           0x0000000004082f14       0x80 obj/default/optimize_mining_4.o
                0x0000000004082f14                target
 .bss           0x0000000004082f94        0x0 obj/default/refactor.o
 .bss           0x0000000004082f94        0x0 obj/default/test_10_core_sha.o
 .bss           0x0000000004082f94        0x0 obj/default/test_mining.o
 .bss           0x0000000004082f94        0x0 obj/default/test_mining_10core.o
 .bss           0x0000000004082f94        0x0 c:/intelfpga_lite/nios2eds/bin/gnu/h-x86_64-mingw32/bin/../lib/gcc/nios2-elf/5.3.0/mno-hw-mul\libgcc.a(lib2-mul.o)
 .bss           0x0000000004082f94        0x0 c:/intelfpga_lite/nios2eds/bin/gnu/h-x86_64-mingw32/bin/../lib/gcc/nios2-elf/5.3.0/../../../../../H-x86_64-mingw32/nios2-elf/lib/mno-hw-mul\libsmallc.a(lib_a-memcpy.o)
 .bss           0x0000000004082f94        0x0 c:/intelfpga_lite/nios2eds/bin/gnu/h-x86_64-mingw32/bin/../lib/gcc/nios2-elf/5.3.0/../../../../../H-x86_64-mingw32/nios2-elf/lib/mno-hw-mul\libsmallc.a(lib_a-printf.o)
 .bss           0x0000000004082f94        0x0 c:/intelfpga_lite/nios2eds/bin/gnu/h-x86_64-mingw32/bin/../lib/gcc/nios2-elf/5.3.0/../../../../../H-x86_64-mingw32/nios2-elf/lib/mno-hw-mul\libsmallc.a(lib_a-puts.o)
 .bss           0x0000000004082f94        0x0 c:/intelfpga_lite/nios2eds/bin/gnu/h-x86_64-mingw32/bin/../lib/gcc/nios2-elf/5.3.0/../../../../../H-x86_64-mingw32/nios2-elf/lib/mno-hw-mul\libsmallc.a(lib_a-strlen.o)
 .bss           0x0000000004082f94        0x0 c:/intelfpga_lite/nios2eds/bin/gnu/h-x86_64-mingw32/bin/../lib/gcc/nios2-elf/5.3.0/../../../../../H-x86_64-mingw32/nios2-elf/lib/mno-hw-mul\libsmallc.a(lib_a-vfprintf.o)
 .bss           0x0000000004082f94        0x0 c:/intelfpga_lite/nios2eds/bin/gnu/h-x86_64-mingw32/bin/../lib/gcc/nios2-elf/5.3.0/../../../../../H-x86_64-mingw32/nios2-elf/lib/mno-hw-mul\libsmallc.a(lib_a-fvwrite_small_dev.o)
 .bss           0x0000000004082f94        0x0 c:/intelfpga_lite/nios2eds/bin/gnu/h-x86_64-mingw32/bin/../lib/gcc/nios2-elf/5.3.0/../../../../../H-x86_64-mingw32/nios2-elf/lib/mno-hw-mul\libsmallc.a(lib_a-impure.o)
 .bss           0x0000000004082f94        0x0 c:/intelfpga_lite/nios2eds/bin/gnu/h-x86_64-mingw32/bin/../lib/gcc/nios2-elf/5.3.0/../../../../../H-x86_64-mingw32/nios2-elf/lib/mno-hw-mul\libsmallc.a(lib_a-writer.o)
 .bss           0x0000000004082f94        0x0 c:/intelfpga_lite/nios2eds/bin/gnu/h-x86_64-mingw32/bin/../lib/gcc/nios2-elf/5.3.0/../../../../../H-x86_64-mingw32/nios2-elf/lib/mno-hw-mul\libsmallc.a(lib_a-int_errno.o)
 .bss           0x0000000004082f94        0x0 c:/intelfpga_lite/nios2eds/bin/gnu/h-x86_64-mingw32/bin/../lib/gcc/nios2-elf/5.3.0/mno-hw-mul\libgcc.a(lib2-divmod.o)
 .bss           0x0000000004082f94        0x0 ../FW_2_bsp/\libhal_bsp.a(alt_iic.o)
 .bss           0x0000000004082f94        0x0 ../FW_2_bsp/\libhal_bsp.a(alt_iic_isr_register.o)
 .bss           0x0000000004082f94        0x0 ../FW_2_bsp/\libhal_bsp.a(alt_irq_entry.o)
 .bss           0x0000000004082f94        0x0 ../FW_2_bsp/\libhal_bsp.a(alt_irq_handler.o)
 .bss           0x0000000004082f94        0x0 ../FW_2_bsp/\libhal_bsp.a(alt_irq_vars.o)
 .bss           0x0000000004082f94        0x0 ../FW_2_bsp/\libhal_bsp.a(alt_load.o)
 .bss           0x0000000004082f94        0x0 ../FW_2_bsp/\libhal_bsp.a(alt_main.o)
 .bss           0x0000000004082f94        0x0 ../FW_2_bsp/\libhal_bsp.a(alt_putstr.o)
 .bss           0x0000000004082f94        0x0 ../FW_2_bsp/\libhal_bsp.a(alt_write.o)
 .bss           0x0000000004082f94        0x0 ../FW_2_bsp/\libhal_bsp.a(alt_sys_init.o)
 .bss           0x0000000004082f94        0x0 ../FW_2_bsp/\libhal_bsp.a(altera_avalon_jtag_uart_write.o)
 .bss           0x0000000004082f94        0x0 ../FW_2_bsp/\libhal_bsp.a(alt_dcache_flush_all.o)
 .bss           0x0000000004082f94        0x0 ../FW_2_bsp/\libhal_bsp.a(alt_errno.o)
 .bss           0x0000000004082f94        0x0 ../FW_2_bsp/\libhal_bsp.a(alt_exception_entry.o)
 .bss           0x0000000004082f94        0x0 ../FW_2_bsp/\libhal_bsp.a(alt_icache_flush_all.o)
 .bss           0x0000000004082f94        0x0 ../FW_2_bsp/\libhal_bsp.a(alt_instruction_exception_entry.o)
 .bss           0x0000000004082f94        0x0 ../FW_2_bsp/\libhal_bsp.a(altera_nios2_gen2_irq.o)
 *(COMMON)
 COMMON         0x0000000004082f94      0x100 ../FW_2_bsp/\libhal_bsp.a(alt_irq_handler.o)
                0x0000000004082f94                alt_irq
                0x0000000004083094                . = ALIGN (0x4)
                0x0000000004083094                __bss_end = ABSOLUTE (.)

.sdram          0x0000000000000000        0x0 load address 0x0000000004083094
                [!provide]                        PROVIDE (_alt_partition_sdram_start, ABSOLUTE (.))
 *(.sdram .sdram. sdram.*)
                0x0000000000000000                . = ALIGN (0x4)
                [!provide]                        PROVIDE (_alt_partition_sdram_end, ABSOLUTE (.))
                [!provide]                        PROVIDE (_alt_partition_sdram_load_addr, LOADADDR (.sdram))

.onchip_memory2_1
                0x0000000004040000        0x0 load address 0x0000000004083094
                [!provide]                        PROVIDE (_alt_partition_onchip_memory2_1_start, ABSOLUTE (.))
 *(.onchip_memory2_1 .onchip_memory2_1. onchip_memory2_1.*)
                0x0000000004040000                . = ALIGN (0x4)
                [!provide]                        PROVIDE (_alt_partition_onchip_memory2_1_end, ABSOLUTE (.))
                [!provide]                        PROVIDE (_alt_partition_onchip_memory2_1_load_addr, LOADADDR (.onchip_memory2_1))

.onchip_memory2_0
                0x0000000004083094        0x0
                [!provide]                        PROVIDE (_alt_partition_onchip_memory2_0_start, ABSOLUTE (.))
 *(.onchip_memory2_0 .onchip_memory2_0. onchip_memory2_0.*)
                0x0000000004083094                . = ALIGN (0x4)
                [!provide]                        PROVIDE (_alt_partition_onchip_memory2_0_end, ABSOLUTE (.))
                0x0000000004083094                _end = ABSOLUTE (.)
                0x0000000004083094                end = ABSOLUTE (.)
                0x0000000004083094                __alt_stack_base = ABSOLUTE (.)
                [!provide]                        PROVIDE (_alt_partition_onchip_memory2_0_load_addr, LOADADDR (.onchip_memory2_0))

.stab
 *(.stab)

.stabstr
 *(.stabstr)

.stab.excl
 *(.stab.excl)

.stab.exclstr
 *(.stab.exclstr)

.stab.index
 *(.stab.index)

.stab.indexstr
 *(.stab.indexstr)

.comment        0x0000000000000000       0x23
 *(.comment)
 .comment       0x0000000000000000       0x23 obj/default/SHA.o
                                         0x24 (size before relaxing)
 .comment       0x0000000000000023       0x24 obj/default/optimize.o
 .comment       0x0000000000000023       0x24 obj/default/optimize_mining.o
 .comment       0x0000000000000023       0x24 obj/default/optimize_mining_2.o
 .comment       0x0000000000000023       0x24 obj/default/optimize_mining_3.o
 .comment       0x0000000000000023       0x24 obj/default/optimize_mining_4.o
 .comment       0x0000000000000023       0x24 obj/default/refactor.o
 .comment       0x0000000000000023       0x24 obj/default/test_10_core_sha.o
 .comment       0x0000000000000023       0x24 obj/default/test_mining.o
 .comment       0x0000000000000023       0x24 obj/default/test_mining_10core.o
 .comment       0x0000000000000023       0x24 c:/intelfpga_lite/nios2eds/bin/gnu/h-x86_64-mingw32/bin/../lib/gcc/nios2-elf/5.3.0/mno-hw-mul\libgcc.a(lib2-mul.o)
 .comment       0x0000000000000023       0x24 c:/intelfpga_lite/nios2eds/bin/gnu/h-x86_64-mingw32/bin/../lib/gcc/nios2-elf/5.3.0/../../../../../H-x86_64-mingw32/nios2-elf/lib/mno-hw-mul\libsmallc.a(lib_a-memcpy.o)
 .comment       0x0000000000000023       0x24 c:/intelfpga_lite/nios2eds/bin/gnu/h-x86_64-mingw32/bin/../lib/gcc/nios2-elf/5.3.0/../../../../../H-x86_64-mingw32/nios2-elf/lib/mno-hw-mul\libsmallc.a(lib_a-printf.o)
 .comment       0x0000000000000023       0x24 c:/intelfpga_lite/nios2eds/bin/gnu/h-x86_64-mingw32/bin/../lib/gcc/nios2-elf/5.3.0/../../../../../H-x86_64-mingw32/nios2-elf/lib/mno-hw-mul\libsmallc.a(lib_a-puts.o)
 .comment       0x0000000000000023       0x24 c:/intelfpga_lite/nios2eds/bin/gnu/h-x86_64-mingw32/bin/../lib/gcc/nios2-elf/5.3.0/../../../../../H-x86_64-mingw32/nios2-elf/lib/mno-hw-mul\libsmallc.a(lib_a-strlen.o)
 .comment       0x0000000000000023       0x24 c:/intelfpga_lite/nios2eds/bin/gnu/h-x86_64-mingw32/bin/../lib/gcc/nios2-elf/5.3.0/../../../../../H-x86_64-mingw32/nios2-elf/lib/mno-hw-mul\libsmallc.a(lib_a-vfprintf.o)
 .comment       0x0000000000000023       0x24 c:/intelfpga_lite/nios2eds/bin/gnu/h-x86_64-mingw32/bin/../lib/gcc/nios2-elf/5.3.0/../../../../../H-x86_64-mingw32/nios2-elf/lib/mno-hw-mul\libsmallc.a(lib_a-fvwrite_small_dev.o)
 .comment       0x0000000000000023       0x24 c:/intelfpga_lite/nios2eds/bin/gnu/h-x86_64-mingw32/bin/../lib/gcc/nios2-elf/5.3.0/../../../../../H-x86_64-mingw32/nios2-elf/lib/mno-hw-mul\libsmallc.a(lib_a-impure.o)
 .comment       0x0000000000000023       0x24 c:/intelfpga_lite/nios2eds/bin/gnu/h-x86_64-mingw32/bin/../lib/gcc/nios2-elf/5.3.0/../../../../../H-x86_64-mingw32/nios2-elf/lib/mno-hw-mul\libsmallc.a(lib_a-writer.o)
 .comment       0x0000000000000023       0x24 c:/intelfpga_lite/nios2eds/bin/gnu/h-x86_64-mingw32/bin/../lib/gcc/nios2-elf/5.3.0/../../../../../H-x86_64-mingw32/nios2-elf/lib/mno-hw-mul\libsmallc.a(lib_a-int_errno.o)
 .comment       0x0000000000000023       0x24 c:/intelfpga_lite/nios2eds/bin/gnu/h-x86_64-mingw32/bin/../lib/gcc/nios2-elf/5.3.0/mno-hw-mul\libgcc.a(lib2-divmod.o)
 .comment       0x0000000000000023       0x24 ../FW_2_bsp/\libhal_bsp.a(alt_iic.o)
 .comment       0x0000000000000023       0x24 ../FW_2_bsp/\libhal_bsp.a(alt_iic_isr_register.o)
 .comment       0x0000000000000023       0x24 ../FW_2_bsp/\libhal_bsp.a(alt_irq_handler.o)
 .comment       0x0000000000000023       0x24 ../FW_2_bsp/\libhal_bsp.a(alt_irq_vars.o)
 .comment       0x0000000000000023       0x24 ../FW_2_bsp/\libhal_bsp.a(alt_load.o)
 .comment       0x0000000000000023       0x24 ../FW_2_bsp/\libhal_bsp.a(alt_main.o)
 .comment       0x0000000000000023       0x24 ../FW_2_bsp/\libhal_bsp.a(alt_putstr.o)
 .comment       0x0000000000000023       0x24 ../FW_2_bsp/\libhal_bsp.a(alt_write.o)
 .comment       0x0000000000000023       0x24 ../FW_2_bsp/\libhal_bsp.a(alt_sys_init.o)
 .comment       0x0000000000000023       0x24 ../FW_2_bsp/\libhal_bsp.a(altera_avalon_jtag_uart_write.o)
 .comment       0x0000000000000023       0x24 ../FW_2_bsp/\libhal_bsp.a(alt_dcache_flush_all.o)
 .comment       0x0000000000000023       0x24 ../FW_2_bsp/\libhal_bsp.a(alt_errno.o)
 .comment       0x0000000000000023       0x24 ../FW_2_bsp/\libhal_bsp.a(alt_icache_flush_all.o)
 .comment       0x0000000000000023       0x24 ../FW_2_bsp/\libhal_bsp.a(alt_instruction_exception_entry.o)
 .comment       0x0000000000000023       0x24 ../FW_2_bsp/\libhal_bsp.a(altera_nios2_gen2_irq.o)

.debug
 *(.debug)

.line
 *(.line)

.debug_srcinfo
 *(.debug_srcinfo)

.debug_sfnames
 *(.debug_sfnames)

.debug_aranges  0x0000000000000000      0x420
 *(.debug_aranges)
 .debug_aranges
                0x0000000000000000       0x28 ../FW_2_bsp//obj/HAL/src/crt0.o
 .debug_aranges
                0x0000000000000028       0x20 obj/default/SHA.o
 .debug_aranges
                0x0000000000000048       0x28 obj/default/optimize_mining_4.o
 .debug_aranges
                0x0000000000000070       0x20 c:/intelfpga_lite/nios2eds/bin/gnu/h-x86_64-mingw32/bin/../lib/gcc/nios2-elf/5.3.0/mno-hw-mul\libgcc.a(lib2-mul.o)
 .debug_aranges
                0x0000000000000090       0x20 c:/intelfpga_lite/nios2eds/bin/gnu/h-x86_64-mingw32/bin/../lib/gcc/nios2-elf/5.3.0/../../../../../H-x86_64-mingw32/nios2-elf/lib/mno-hw-mul\libsmallc.a(lib_a-memcpy.o)
 .debug_aranges
                0x00000000000000b0       0x28 c:/intelfpga_lite/nios2eds/bin/gnu/h-x86_64-mingw32/bin/../lib/gcc/nios2-elf/5.3.0/../../../../../H-x86_64-mingw32/nios2-elf/lib/mno-hw-mul\libsmallc.a(lib_a-printf.o)
 .debug_aranges
                0x00000000000000d8       0x28 c:/intelfpga_lite/nios2eds/bin/gnu/h-x86_64-mingw32/bin/../lib/gcc/nios2-elf/5.3.0/../../../../../H-x86_64-mingw32/nios2-elf/lib/mno-hw-mul\libsmallc.a(lib_a-puts.o)
 .debug_aranges
                0x0000000000000100       0x20 c:/intelfpga_lite/nios2eds/bin/gnu/h-x86_64-mingw32/bin/../lib/gcc/nios2-elf/5.3.0/../../../../../H-x86_64-mingw32/nios2-elf/lib/mno-hw-mul\libsmallc.a(lib_a-strlen.o)
 .debug_aranges
                0x0000000000000120       0x30 c:/intelfpga_lite/nios2eds/bin/gnu/h-x86_64-mingw32/bin/../lib/gcc/nios2-elf/5.3.0/../../../../../H-x86_64-mingw32/nios2-elf/lib/mno-hw-mul\libsmallc.a(lib_a-vfprintf.o)
 .debug_aranges
                0x0000000000000150       0x20 c:/intelfpga_lite/nios2eds/bin/gnu/h-x86_64-mingw32/bin/../lib/gcc/nios2-elf/5.3.0/../../../../../H-x86_64-mingw32/nios2-elf/lib/mno-hw-mul\libsmallc.a(lib_a-fvwrite_small_dev.o)
 .debug_aranges
                0x0000000000000170       0x18 c:/intelfpga_lite/nios2eds/bin/gnu/h-x86_64-mingw32/bin/../lib/gcc/nios2-elf/5.3.0/../../../../../H-x86_64-mingw32/nios2-elf/lib/mno-hw-mul\libsmallc.a(lib_a-impure.o)
 .debug_aranges
                0x0000000000000188       0x20 c:/intelfpga_lite/nios2eds/bin/gnu/h-x86_64-mingw32/bin/../lib/gcc/nios2-elf/5.3.0/../../../../../H-x86_64-mingw32/nios2-elf/lib/mno-hw-mul\libsmallc.a(lib_a-writer.o)
 .debug_aranges
                0x00000000000001a8       0x18 c:/intelfpga_lite/nios2eds/bin/gnu/h-x86_64-mingw32/bin/../lib/gcc/nios2-elf/5.3.0/../../../../../H-x86_64-mingw32/nios2-elf/lib/mno-hw-mul\libsmallc.a(lib_a-int_errno.o)
 .debug_aranges
                0x00000000000001c0       0x20 c:/intelfpga_lite/nios2eds/bin/gnu/h-x86_64-mingw32/bin/../lib/gcc/nios2-elf/5.3.0/mno-hw-mul\libgcc.a(lib2-divmod.o)
 .debug_aranges
                0x00000000000001e0       0x20 ../FW_2_bsp/\libhal_bsp.a(alt_iic.o)
 .debug_aranges
                0x0000000000000200       0x20 ../FW_2_bsp/\libhal_bsp.a(alt_iic_isr_register.o)
 .debug_aranges
                0x0000000000000220       0x30 ../FW_2_bsp/\libhal_bsp.a(alt_irq_entry.o)
 .debug_aranges
                0x0000000000000250       0x20 ../FW_2_bsp/\libhal_bsp.a(alt_irq_handler.o)
 .debug_aranges
                0x0000000000000270       0x18 ../FW_2_bsp/\libhal_bsp.a(alt_irq_vars.o)
 .debug_aranges
                0x0000000000000288       0x20 ../FW_2_bsp/\libhal_bsp.a(alt_load.o)
 .debug_aranges
                0x00000000000002a8       0x20 ../FW_2_bsp/\libhal_bsp.a(alt_main.o)
 .debug_aranges
                0x00000000000002c8       0x20 ../FW_2_bsp/\libhal_bsp.a(alt_putstr.o)
 .debug_aranges
                0x00000000000002e8       0x20 ../FW_2_bsp/\libhal_bsp.a(alt_write.o)
 .debug_aranges
                0x0000000000000308       0x20 ../FW_2_bsp/\libhal_bsp.a(alt_sys_init.o)
 .debug_aranges
                0x0000000000000328       0x20 ../FW_2_bsp/\libhal_bsp.a(altera_avalon_jtag_uart_write.o)
 .debug_aranges
                0x0000000000000348       0x20 ../FW_2_bsp/\libhal_bsp.a(alt_dcache_flush_all.o)
 .debug_aranges
                0x0000000000000368       0x18 ../FW_2_bsp/\libhal_bsp.a(alt_errno.o)
 .debug_aranges
                0x0000000000000380       0x38 ../FW_2_bsp/\libhal_bsp.a(alt_exception_entry.o)
 .debug_aranges
                0x00000000000003b8       0x20 ../FW_2_bsp/\libhal_bsp.a(alt_icache_flush_all.o)
 .debug_aranges
                0x00000000000003d8       0x28 ../FW_2_bsp/\libhal_bsp.a(alt_instruction_exception_entry.o)
 .debug_aranges
                0x0000000000000400       0x20 ../FW_2_bsp/\libhal_bsp.a(altera_nios2_gen2_irq.o)

.debug_pubnames
 *(.debug_pubnames)

.debug_info     0x0000000000000000     0x6d38
 *(.debug_info .gnu.linkonce.wi.*)
 .debug_info    0x0000000000000000       0x70 ../FW_2_bsp//obj/HAL/src/crt0.o
 .debug_info    0x0000000000000070      0x865 obj/default/SHA.o
 .debug_info    0x00000000000008d5     0x1de0 obj/default/optimize_mining_4.o
 .debug_info    0x00000000000026b5       0xb4 c:/intelfpga_lite/nios2eds/bin/gnu/h-x86_64-mingw32/bin/../lib/gcc/nios2-elf/5.3.0/mno-hw-mul\libgcc.a(lib2-mul.o)
 .debug_info    0x0000000000002769      0x119 c:/intelfpga_lite/nios2eds/bin/gnu/h-x86_64-mingw32/bin/../lib/gcc/nios2-elf/5.3.0/../../../../../H-x86_64-mingw32/nios2-elf/lib/mno-hw-mul\libsmallc.a(lib_a-memcpy.o)
 .debug_info    0x0000000000002882      0x699 c:/intelfpga_lite/nios2eds/bin/gnu/h-x86_64-mingw32/bin/../lib/gcc/nios2-elf/5.3.0/../../../../../H-x86_64-mingw32/nios2-elf/lib/mno-hw-mul\libsmallc.a(lib_a-printf.o)
 .debug_info    0x0000000000002f1b      0x66d c:/intelfpga_lite/nios2eds/bin/gnu/h-x86_64-mingw32/bin/../lib/gcc/nios2-elf/5.3.0/../../../../../H-x86_64-mingw32/nios2-elf/lib/mno-hw-mul\libsmallc.a(lib_a-puts.o)
 .debug_info    0x0000000000003588       0xc9 c:/intelfpga_lite/nios2eds/bin/gnu/h-x86_64-mingw32/bin/../lib/gcc/nios2-elf/5.3.0/../../../../../H-x86_64-mingw32/nios2-elf/lib/mno-hw-mul\libsmallc.a(lib_a-strlen.o)
 .debug_info    0x0000000000003651      0xb2b c:/intelfpga_lite/nios2eds/bin/gnu/h-x86_64-mingw32/bin/../lib/gcc/nios2-elf/5.3.0/../../../../../H-x86_64-mingw32/nios2-elf/lib/mno-hw-mul\libsmallc.a(lib_a-vfprintf.o)
 .debug_info    0x000000000000417c      0x62b c:/intelfpga_lite/nios2eds/bin/gnu/h-x86_64-mingw32/bin/../lib/gcc/nios2-elf/5.3.0/../../../../../H-x86_64-mingw32/nios2-elf/lib/mno-hw-mul\libsmallc.a(lib_a-fvwrite_small_dev.o)
 .debug_info    0x00000000000047a7      0x5a9 c:/intelfpga_lite/nios2eds/bin/gnu/h-x86_64-mingw32/bin/../lib/gcc/nios2-elf/5.3.0/../../../../../H-x86_64-mingw32/nios2-elf/lib/mno-hw-mul\libsmallc.a(lib_a-impure.o)
 .debug_info    0x0000000000004d50      0x630 c:/intelfpga_lite/nios2eds/bin/gnu/h-x86_64-mingw32/bin/../lib/gcc/nios2-elf/5.3.0/../../../../../H-x86_64-mingw32/nios2-elf/lib/mno-hw-mul\libsmallc.a(lib_a-writer.o)
 .debug_info    0x0000000000005380       0x8a c:/intelfpga_lite/nios2eds/bin/gnu/h-x86_64-mingw32/bin/../lib/gcc/nios2-elf/5.3.0/../../../../../H-x86_64-mingw32/nios2-elf/lib/mno-hw-mul\libsmallc.a(lib_a-int_errno.o)
 .debug_info    0x000000000000540a      0x2c6 c:/intelfpga_lite/nios2eds/bin/gnu/h-x86_64-mingw32/bin/../lib/gcc/nios2-elf/5.3.0/mno-hw-mul\libgcc.a(lib2-divmod.o)
 .debug_info    0x00000000000056d0      0x38a ../FW_2_bsp/\libhal_bsp.a(alt_iic.o)
 .debug_info    0x0000000000005a5a      0x232 ../FW_2_bsp/\libhal_bsp.a(alt_iic_isr_register.o)
 .debug_info    0x0000000000005c8c       0x79 ../FW_2_bsp/\libhal_bsp.a(alt_irq_entry.o)
 .debug_info    0x0000000000005d05      0x184 ../FW_2_bsp/\libhal_bsp.a(alt_irq_handler.o)
 .debug_info    0x0000000000005e89       0x88 ../FW_2_bsp/\libhal_bsp.a(alt_irq_vars.o)
 .debug_info    0x0000000000005f11      0x1c9 ../FW_2_bsp/\libhal_bsp.a(alt_load.o)
 .debug_info    0x00000000000060da      0x169 ../FW_2_bsp/\libhal_bsp.a(alt_main.o)
 .debug_info    0x0000000000006243      0x13a ../FW_2_bsp/\libhal_bsp.a(alt_putstr.o)
 .debug_info    0x000000000000637d      0x1c7 ../FW_2_bsp/\libhal_bsp.a(alt_write.o)
 .debug_info    0x0000000000006544      0x185 ../FW_2_bsp/\libhal_bsp.a(alt_sys_init.o)
 .debug_info    0x00000000000066c9      0x197 ../FW_2_bsp/\libhal_bsp.a(altera_avalon_jtag_uart_write.o)
 .debug_info    0x0000000000006860       0x92 ../FW_2_bsp/\libhal_bsp.a(alt_dcache_flush_all.o)
 .debug_info    0x00000000000068f2       0xa6 ../FW_2_bsp/\libhal_bsp.a(alt_errno.o)
 .debug_info    0x0000000000006998       0x7f ../FW_2_bsp/\libhal_bsp.a(alt_exception_entry.o)
 .debug_info    0x0000000000006a17       0x92 ../FW_2_bsp/\libhal_bsp.a(alt_icache_flush_all.o)
 .debug_info    0x0000000000006aa9      0x1fd ../FW_2_bsp/\libhal_bsp.a(alt_instruction_exception_entry.o)
 .debug_info    0x0000000000006ca6       0x92 ../FW_2_bsp/\libhal_bsp.a(altera_nios2_gen2_irq.o)

.debug_abbrev   0x0000000000000000     0x1e85
 *(.debug_abbrev)
 .debug_abbrev  0x0000000000000000       0x12 ../FW_2_bsp//obj/HAL/src/crt0.o
 .debug_abbrev  0x0000000000000012      0x1e0 obj/default/SHA.o
 .debug_abbrev  0x00000000000001f2      0x249 obj/default/optimize_mining_4.o
 .debug_abbrev  0x000000000000043b       0x6f c:/intelfpga_lite/nios2eds/bin/gnu/h-x86_64-mingw32/bin/../lib/gcc/nios2-elf/5.3.0/mno-hw-mul\libgcc.a(lib2-mul.o)
 .debug_abbrev  0x00000000000004aa       0x9c c:/intelfpga_lite/nios2eds/bin/gnu/h-x86_64-mingw32/bin/../lib/gcc/nios2-elf/5.3.0/../../../../../H-x86_64-mingw32/nios2-elf/lib/mno-hw-mul\libsmallc.a(lib_a-memcpy.o)
 .debug_abbrev  0x0000000000000546      0x1ee c:/intelfpga_lite/nios2eds/bin/gnu/h-x86_64-mingw32/bin/../lib/gcc/nios2-elf/5.3.0/../../../../../H-x86_64-mingw32/nios2-elf/lib/mno-hw-mul\libsmallc.a(lib_a-printf.o)
 .debug_abbrev  0x0000000000000734      0x1d6 c:/intelfpga_lite/nios2eds/bin/gnu/h-x86_64-mingw32/bin/../lib/gcc/nios2-elf/5.3.0/../../../../../H-x86_64-mingw32/nios2-elf/lib/mno-hw-mul\libsmallc.a(lib_a-puts.o)
 .debug_abbrev  0x000000000000090a       0x7f c:/intelfpga_lite/nios2eds/bin/gnu/h-x86_64-mingw32/bin/../lib/gcc/nios2-elf/5.3.0/../../../../../H-x86_64-mingw32/nios2-elf/lib/mno-hw-mul\libsmallc.a(lib_a-strlen.o)
 .debug_abbrev  0x0000000000000989      0x2a1 c:/intelfpga_lite/nios2eds/bin/gnu/h-x86_64-mingw32/bin/../lib/gcc/nios2-elf/5.3.0/../../../../../H-x86_64-mingw32/nios2-elf/lib/mno-hw-mul\libsmallc.a(lib_a-vfprintf.o)
 .debug_abbrev  0x0000000000000c2a      0x1bc c:/intelfpga_lite/nios2eds/bin/gnu/h-x86_64-mingw32/bin/../lib/gcc/nios2-elf/5.3.0/../../../../../H-x86_64-mingw32/nios2-elf/lib/mno-hw-mul\libsmallc.a(lib_a-fvwrite_small_dev.o)
 .debug_abbrev  0x0000000000000de6      0x14a c:/intelfpga_lite/nios2eds/bin/gnu/h-x86_64-mingw32/bin/../lib/gcc/nios2-elf/5.3.0/../../../../../H-x86_64-mingw32/nios2-elf/lib/mno-hw-mul\libsmallc.a(lib_a-impure.o)
 .debug_abbrev  0x0000000000000f30      0x1a6 c:/intelfpga_lite/nios2eds/bin/gnu/h-x86_64-mingw32/bin/../lib/gcc/nios2-elf/5.3.0/../../../../../H-x86_64-mingw32/nios2-elf/lib/mno-hw-mul\libsmallc.a(lib_a-writer.o)
 .debug_abbrev  0x00000000000010d6       0x37 c:/intelfpga_lite/nios2eds/bin/gnu/h-x86_64-mingw32/bin/../lib/gcc/nios2-elf/5.3.0/../../../../../H-x86_64-mingw32/nios2-elf/lib/mno-hw-mul\libsmallc.a(lib_a-int_errno.o)
 .debug_abbrev  0x000000000000110d      0x10e c:/intelfpga_lite/nios2eds/bin/gnu/h-x86_64-mingw32/bin/../lib/gcc/nios2-elf/5.3.0/mno-hw-mul\libgcc.a(lib2-divmod.o)
 .debug_abbrev  0x000000000000121b      0x1a0 ../FW_2_bsp/\libhal_bsp.a(alt_iic.o)
 .debug_abbrev  0x00000000000013bb      0x19c ../FW_2_bsp/\libhal_bsp.a(alt_iic_isr_register.o)
 .debug_abbrev  0x0000000000001557       0x12 ../FW_2_bsp/\libhal_bsp.a(alt_irq_entry.o)
 .debug_abbrev  0x0000000000001569      0x120 ../FW_2_bsp/\libhal_bsp.a(alt_irq_handler.o)
 .debug_abbrev  0x0000000000001689       0x40 ../FW_2_bsp/\libhal_bsp.a(alt_irq_vars.o)
 .debug_abbrev  0x00000000000016c9       0xd8 ../FW_2_bsp/\libhal_bsp.a(alt_load.o)
 .debug_abbrev  0x00000000000017a1       0xee ../FW_2_bsp/\libhal_bsp.a(alt_main.o)
 .debug_abbrev  0x000000000000188f       0xd3 ../FW_2_bsp/\libhal_bsp.a(alt_putstr.o)
 .debug_abbrev  0x0000000000001962      0x12e ../FW_2_bsp/\libhal_bsp.a(alt_write.o)
 .debug_abbrev  0x0000000000001a90      0x107 ../FW_2_bsp/\libhal_bsp.a(alt_sys_init.o)
 .debug_abbrev  0x0000000000001b97       0xd5 ../FW_2_bsp/\libhal_bsp.a(altera_avalon_jtag_uart_write.o)
 .debug_abbrev  0x0000000000001c6c       0x42 ../FW_2_bsp/\libhal_bsp.a(alt_dcache_flush_all.o)
 .debug_abbrev  0x0000000000001cae       0x5a ../FW_2_bsp/\libhal_bsp.a(alt_errno.o)
 .debug_abbrev  0x0000000000001d08       0x12 ../FW_2_bsp/\libhal_bsp.a(alt_exception_entry.o)
 .debug_abbrev  0x0000000000001d1a       0x42 ../FW_2_bsp/\libhal_bsp.a(alt_icache_flush_all.o)
 .debug_abbrev  0x0000000000001d5c       0xe7 ../FW_2_bsp/\libhal_bsp.a(alt_instruction_exception_entry.o)
 .debug_abbrev  0x0000000000001e43       0x42 ../FW_2_bsp/\libhal_bsp.a(altera_nios2_gen2_irq.o)

.debug_line     0x0000000000000000     0x2295
 *(.debug_line)
 .debug_line    0x0000000000000000       0x66 ../FW_2_bsp//obj/HAL/src/crt0.o
 .debug_line    0x0000000000000066      0x1d1 obj/default/SHA.o
 .debug_line    0x0000000000000237        0x0 obj/default/optimize.o
 .debug_line    0x0000000000000237        0x0 obj/default/optimize_mining.o
 .debug_line    0x0000000000000237        0x0 obj/default/optimize_mining_2.o
 .debug_line    0x0000000000000237        0x0 obj/default/optimize_mining_3.o
 .debug_line    0x0000000000000237      0x410 obj/default/optimize_mining_4.o
 .debug_line    0x0000000000000647        0x0 obj/default/refactor.o
 .debug_line    0x0000000000000647        0x0 obj/default/test_10_core_sha.o
 .debug_line    0x0000000000000647        0x0 obj/default/test_mining.o
 .debug_line    0x0000000000000647        0x0 obj/default/test_mining_10core.o
 .debug_line    0x0000000000000647       0x80 c:/intelfpga_lite/nios2eds/bin/gnu/h-x86_64-mingw32/bin/../lib/gcc/nios2-elf/5.3.0/mno-hw-mul\libgcc.a(lib2-mul.o)
 .debug_line    0x00000000000006c7      0x15e c:/intelfpga_lite/nios2eds/bin/gnu/h-x86_64-mingw32/bin/../lib/gcc/nios2-elf/5.3.0/../../../../../H-x86_64-mingw32/nios2-elf/lib/mno-hw-mul\libsmallc.a(lib_a-memcpy.o)
 .debug_line    0x0000000000000825      0x203 c:/intelfpga_lite/nios2eds/bin/gnu/h-x86_64-mingw32/bin/../lib/gcc/nios2-elf/5.3.0/../../../../../H-x86_64-mingw32/nios2-elf/lib/mno-hw-mul\libsmallc.a(lib_a-printf.o)
 .debug_line    0x0000000000000a28      0x206 c:/intelfpga_lite/nios2eds/bin/gnu/h-x86_64-mingw32/bin/../lib/gcc/nios2-elf/5.3.0/../../../../../H-x86_64-mingw32/nios2-elf/lib/mno-hw-mul\libsmallc.a(lib_a-puts.o)
 .debug_line    0x0000000000000c2e      0x15c c:/intelfpga_lite/nios2eds/bin/gnu/h-x86_64-mingw32/bin/../lib/gcc/nios2-elf/5.3.0/../../../../../H-x86_64-mingw32/nios2-elf/lib/mno-hw-mul\libsmallc.a(lib_a-strlen.o)
 .debug_line    0x0000000000000d8a      0x351 c:/intelfpga_lite/nios2eds/bin/gnu/h-x86_64-mingw32/bin/../lib/gcc/nios2-elf/5.3.0/../../../../../H-x86_64-mingw32/nios2-elf/lib/mno-hw-mul\libsmallc.a(lib_a-vfprintf.o)
 .debug_line    0x00000000000010db      0x1f0 c:/intelfpga_lite/nios2eds/bin/gnu/h-x86_64-mingw32/bin/../lib/gcc/nios2-elf/5.3.0/../../../../../H-x86_64-mingw32/nios2-elf/lib/mno-hw-mul\libsmallc.a(lib_a-fvwrite_small_dev.o)
 .debug_line    0x00000000000012cb      0x156 c:/intelfpga_lite/nios2eds/bin/gnu/h-x86_64-mingw32/bin/../lib/gcc/nios2-elf/5.3.0/../../../../../H-x86_64-mingw32/nios2-elf/lib/mno-hw-mul\libsmallc.a(lib_a-impure.o)
 .debug_line    0x0000000000001421      0x1ed c:/intelfpga_lite/nios2eds/bin/gnu/h-x86_64-mingw32/bin/../lib/gcc/nios2-elf/5.3.0/../../../../../H-x86_64-mingw32/nios2-elf/lib/mno-hw-mul\libsmallc.a(lib_a-writer.o)
 .debug_line    0x000000000000160e       0x5f c:/intelfpga_lite/nios2eds/bin/gnu/h-x86_64-mingw32/bin/../lib/gcc/nios2-elf/5.3.0/../../../../../H-x86_64-mingw32/nios2-elf/lib/mno-hw-mul\libsmallc.a(lib_a-int_errno.o)
 .debug_line    0x000000000000166d      0x105 c:/intelfpga_lite/nios2eds/bin/gnu/h-x86_64-mingw32/bin/../lib/gcc/nios2-elf/5.3.0/mno-hw-mul\libgcc.a(lib2-divmod.o)
 .debug_line    0x0000000000001772       0xf1 ../FW_2_bsp/\libhal_bsp.a(alt_iic.o)
 .debug_line    0x0000000000001863       0xd6 ../FW_2_bsp/\libhal_bsp.a(alt_iic_isr_register.o)
 .debug_line    0x0000000000001939       0x6b ../FW_2_bsp/\libhal_bsp.a(alt_irq_entry.o)
 .debug_line    0x00000000000019a4       0xa5 ../FW_2_bsp/\libhal_bsp.a(alt_irq_handler.o)
 .debug_line    0x0000000000001a49       0x50 ../FW_2_bsp/\libhal_bsp.a(alt_irq_vars.o)
 .debug_line    0x0000000000001a99       0xa4 ../FW_2_bsp/\libhal_bsp.a(alt_load.o)
 .debug_line    0x0000000000001b3d       0xbd ../FW_2_bsp/\libhal_bsp.a(alt_main.o)
 .debug_line    0x0000000000001bfa       0x9b ../FW_2_bsp/\libhal_bsp.a(alt_putstr.o)
 .debug_line    0x0000000000001c95      0x160 ../FW_2_bsp/\libhal_bsp.a(alt_write.o)
 .debug_line    0x0000000000001df5      0x101 ../FW_2_bsp/\libhal_bsp.a(alt_sys_init.o)
 .debug_line    0x0000000000001ef6       0xf0 ../FW_2_bsp/\libhal_bsp.a(altera_avalon_jtag_uart_write.o)
 .debug_line    0x0000000000001fe6       0x4e ../FW_2_bsp/\libhal_bsp.a(alt_dcache_flush_all.o)
 .debug_line    0x0000000000002034       0x51 ../FW_2_bsp/\libhal_bsp.a(alt_errno.o)
 .debug_line    0x0000000000002085       0xb3 ../FW_2_bsp/\libhal_bsp.a(alt_exception_entry.o)
 .debug_line    0x0000000000002138       0x4e ../FW_2_bsp/\libhal_bsp.a(alt_icache_flush_all.o)
 .debug_line    0x0000000000002186       0xbf ../FW_2_bsp/\libhal_bsp.a(alt_instruction_exception_entry.o)
 .debug_line    0x0000000000002245       0x50 ../FW_2_bsp/\libhal_bsp.a(altera_nios2_gen2_irq.o)

.debug_frame    0x0000000000000000      0x79c
 *(.debug_frame)
 .debug_frame   0x0000000000000000      0x134 obj/default/SHA.o
 .debug_frame   0x0000000000000134      0x1b4 obj/default/optimize_mining_4.o
 .debug_frame   0x00000000000002e8       0x20 c:/intelfpga_lite/nios2eds/bin/gnu/h-x86_64-mingw32/bin/../lib/gcc/nios2-elf/5.3.0/mno-hw-mul\libgcc.a(lib2-mul.o)
 .debug_frame   0x0000000000000308       0x20 c:/intelfpga_lite/nios2eds/bin/gnu/h-x86_64-mingw32/bin/../lib/gcc/nios2-elf/5.3.0/../../../../../H-x86_64-mingw32/nios2-elf/lib/mno-hw-mul\libsmallc.a(lib_a-memcpy.o)
 .debug_frame   0x0000000000000328       0x48 c:/intelfpga_lite/nios2eds/bin/gnu/h-x86_64-mingw32/bin/../lib/gcc/nios2-elf/5.3.0/../../../../../H-x86_64-mingw32/nios2-elf/lib/mno-hw-mul\libsmallc.a(lib_a-printf.o)
 .debug_frame   0x0000000000000370       0x48 c:/intelfpga_lite/nios2eds/bin/gnu/h-x86_64-mingw32/bin/../lib/gcc/nios2-elf/5.3.0/../../../../../H-x86_64-mingw32/nios2-elf/lib/mno-hw-mul\libsmallc.a(lib_a-puts.o)
 .debug_frame   0x00000000000003b8       0x20 c:/intelfpga_lite/nios2eds/bin/gnu/h-x86_64-mingw32/bin/../lib/gcc/nios2-elf/5.3.0/../../../../../H-x86_64-mingw32/nios2-elf/lib/mno-hw-mul\libsmallc.a(lib_a-strlen.o)
 .debug_frame   0x00000000000003d8       0x8c c:/intelfpga_lite/nios2eds/bin/gnu/h-x86_64-mingw32/bin/../lib/gcc/nios2-elf/5.3.0/../../../../../H-x86_64-mingw32/nios2-elf/lib/mno-hw-mul\libsmallc.a(lib_a-vfprintf.o)
 .debug_frame   0x0000000000000464       0x58 c:/intelfpga_lite/nios2eds/bin/gnu/h-x86_64-mingw32/bin/../lib/gcc/nios2-elf/5.3.0/../../../../../H-x86_64-mingw32/nios2-elf/lib/mno-hw-mul\libsmallc.a(lib_a-fvwrite_small_dev.o)
 .debug_frame   0x00000000000004bc       0x38 c:/intelfpga_lite/nios2eds/bin/gnu/h-x86_64-mingw32/bin/../lib/gcc/nios2-elf/5.3.0/../../../../../H-x86_64-mingw32/nios2-elf/lib/mno-hw-mul\libsmallc.a(lib_a-writer.o)
 .debug_frame   0x00000000000004f4       0x50 c:/intelfpga_lite/nios2eds/bin/gnu/h-x86_64-mingw32/bin/../lib/gcc/nios2-elf/5.3.0/mno-hw-mul\libgcc.a(lib2-divmod.o)
 .debug_frame   0x0000000000000544       0x50 ../FW_2_bsp/\libhal_bsp.a(alt_iic.o)
 .debug_frame   0x0000000000000594       0x30 ../FW_2_bsp/\libhal_bsp.a(alt_iic_isr_register.o)
 .debug_frame   0x00000000000005c4       0x34 ../FW_2_bsp/\libhal_bsp.a(alt_irq_handler.o)
 .debug_frame   0x00000000000005f8       0x30 ../FW_2_bsp/\libhal_bsp.a(alt_load.o)
 .debug_frame   0x0000000000000628       0x2c ../FW_2_bsp/\libhal_bsp.a(alt_main.o)
 .debug_frame   0x0000000000000654       0x30 ../FW_2_bsp/\libhal_bsp.a(alt_putstr.o)
 .debug_frame   0x0000000000000684       0x2c ../FW_2_bsp/\libhal_bsp.a(alt_write.o)
 .debug_frame   0x00000000000006b0       0x3c ../FW_2_bsp/\libhal_bsp.a(alt_sys_init.o)
 .debug_frame   0x00000000000006ec       0x20 ../FW_2_bsp/\libhal_bsp.a(altera_avalon_jtag_uart_write.o)
 .debug_frame   0x000000000000070c       0x20 ../FW_2_bsp/\libhal_bsp.a(alt_dcache_flush_all.o)
 .debug_frame   0x000000000000072c       0x20 ../FW_2_bsp/\libhal_bsp.a(alt_icache_flush_all.o)
 .debug_frame   0x000000000000074c       0x30 ../FW_2_bsp/\libhal_bsp.a(alt_instruction_exception_entry.o)
 .debug_frame   0x000000000000077c       0x20 ../FW_2_bsp/\libhal_bsp.a(altera_nios2_gen2_irq.o)

.debug_str      0x0000000000000000     0x1b11
 *(.debug_str)
 .debug_str     0x0000000000000000      0x27b obj/default/SHA.o
                                        0x2d7 (size before relaxing)
 .debug_str     0x000000000000027b        0xb obj/default/optimize.o
                                         0x8c (size before relaxing)
 .debug_str     0x0000000000000286       0x12 obj/default/optimize_mining.o
                                         0x93 (size before relaxing)
 .debug_str     0x0000000000000298       0x14 obj/default/optimize_mining_2.o
                                         0x95 (size before relaxing)
 .debug_str     0x00000000000002ac       0x14 obj/default/optimize_mining_3.o
                                         0x95 (size before relaxing)
 .debug_str     0x00000000000002c0      0x346 obj/default/optimize_mining_4.o
                                        0x51c (size before relaxing)
 .debug_str     0x0000000000000606        0xb obj/default/refactor.o
                                         0x8c (size before relaxing)
 .debug_str     0x0000000000000611       0x13 obj/default/test_10_core_sha.o
                                         0x94 (size before relaxing)
 .debug_str     0x0000000000000624        0xe obj/default/test_mining.o
                                         0x8f (size before relaxing)
 .debug_str     0x0000000000000632       0x15 obj/default/test_mining_10core.o
                                         0x96 (size before relaxing)
 .debug_str     0x0000000000000647      0x148 c:/intelfpga_lite/nios2eds/bin/gnu/h-x86_64-mingw32/bin/../lib/gcc/nios2-elf/5.3.0/mno-hw-mul\libgcc.a(lib2-mul.o)
                                        0x193 (size before relaxing)
 .debug_str     0x000000000000078f      0x147 c:/intelfpga_lite/nios2eds/bin/gnu/h-x86_64-mingw32/bin/../lib/gcc/nios2-elf/5.3.0/../../../../../H-x86_64-mingw32/nios2-elf/lib/mno-hw-mul\libsmallc.a(lib_a-memcpy.o)
                                        0x1f3 (size before relaxing)
 .debug_str     0x00000000000008d6      0x3c8 c:/intelfpga_lite/nios2eds/bin/gnu/h-x86_64-mingw32/bin/../lib/gcc/nios2-elf/5.3.0/../../../../../H-x86_64-mingw32/nios2-elf/lib/mno-hw-mul\libsmallc.a(lib_a-printf.o)
                                        0x504 (size before relaxing)
 .debug_str     0x0000000000000c9e       0x5e c:/intelfpga_lite/nios2eds/bin/gnu/h-x86_64-mingw32/bin/../lib/gcc/nios2-elf/5.3.0/../../../../../H-x86_64-mingw32/nios2-elf/lib/mno-hw-mul\libsmallc.a(lib_a-puts.o)
                                        0x4cd (size before relaxing)
 .debug_str     0x0000000000000cfc       0x3d c:/intelfpga_lite/nios2eds/bin/gnu/h-x86_64-mingw32/bin/../lib/gcc/nios2-elf/5.3.0/../../../../../H-x86_64-mingw32/nios2-elf/lib/mno-hw-mul\libsmallc.a(lib_a-strlen.o)
                                        0x1e5 (size before relaxing)
 .debug_str     0x0000000000000d39      0x1f8 c:/intelfpga_lite/nios2eds/bin/gnu/h-x86_64-mingw32/bin/../lib/gcc/nios2-elf/5.3.0/../../../../../H-x86_64-mingw32/nios2-elf/lib/mno-hw-mul\libsmallc.a(lib_a-vfprintf.o)
                                        0x67f (size before relaxing)
 .debug_str     0x0000000000000f31       0x63 c:/intelfpga_lite/nios2eds/bin/gnu/h-x86_64-mingw32/bin/../lib/gcc/nios2-elf/5.3.0/../../../../../H-x86_64-mingw32/nios2-elf/lib/mno-hw-mul\libsmallc.a(lib_a-fvwrite_small_dev.o)
                                        0x4d4 (size before relaxing)
 .debug_str     0x0000000000000f94       0xef c:/intelfpga_lite/nios2eds/bin/gnu/h-x86_64-mingw32/bin/../lib/gcc/nios2-elf/5.3.0/../../../../../H-x86_64-mingw32/nios2-elf/lib/mno-hw-mul\libsmallc.a(lib_a-impure.o)
                                        0x4be (size before relaxing)
 .debug_str     0x0000000000001083       0x45 c:/intelfpga_lite/nios2eds/bin/gnu/h-x86_64-mingw32/bin/../lib/gcc/nios2-elf/5.3.0/../../../../../H-x86_64-mingw32/nios2-elf/lib/mno-hw-mul\libsmallc.a(lib_a-writer.o)
                                        0x4b8 (size before relaxing)
 .debug_str     0x00000000000010c8       0x3f c:/intelfpga_lite/nios2eds/bin/gnu/h-x86_64-mingw32/bin/../lib/gcc/nios2-elf/5.3.0/../../../../../H-x86_64-mingw32/nios2-elf/lib/mno-hw-mul\libsmallc.a(lib_a-int_errno.o)
                                        0x1d8 (size before relaxing)
 .debug_str     0x0000000000001107       0x7f c:/intelfpga_lite/nios2eds/bin/gnu/h-x86_64-mingw32/bin/../lib/gcc/nios2-elf/5.3.0/mno-hw-mul\libgcc.a(lib2-divmod.o)
                                        0x1d2 (size before relaxing)
 .debug_str     0x0000000000001186      0x125 ../FW_2_bsp/\libhal_bsp.a(alt_iic.o)
                                        0x255 (size before relaxing)
 .debug_str     0x00000000000012ab       0x37 ../FW_2_bsp/\libhal_bsp.a(alt_iic_isr_register.o)
                                        0x20f (size before relaxing)
 .debug_str     0x00000000000012e2       0x3a ../FW_2_bsp/\libhal_bsp.a(alt_irq_handler.o)
                                        0x199 (size before relaxing)
 .debug_str     0x000000000000131c       0x17 ../FW_2_bsp/\libhal_bsp.a(alt_irq_vars.o)
                                        0x13c (size before relaxing)
 .debug_str     0x0000000000001333      0x113 ../FW_2_bsp/\libhal_bsp.a(alt_load.o)
                                        0x23e (size before relaxing)
 .debug_str     0x0000000000001446       0x8a ../FW_2_bsp/\libhal_bsp.a(alt_main.o)
                                        0x1b7 (size before relaxing)
 .debug_str     0x00000000000014d0       0x5f ../FW_2_bsp/\libhal_bsp.a(alt_putstr.o)
                                        0x194 (size before relaxing)
 .debug_str     0x000000000000152f       0x2c ../FW_2_bsp/\libhal_bsp.a(alt_write.o)
                                        0x1e2 (size before relaxing)
 .debug_str     0x000000000000155b       0x86 ../FW_2_bsp/\libhal_bsp.a(alt_sys_init.o)
                                        0x228 (size before relaxing)
 .debug_str     0x00000000000015e1       0x33 ../FW_2_bsp/\libhal_bsp.a(altera_avalon_jtag_uart_write.o)
                                        0x217 (size before relaxing)
 .debug_str     0x0000000000001614       0x1f ../FW_2_bsp/\libhal_bsp.a(alt_dcache_flush_all.o)
                                        0x157 (size before relaxing)
 .debug_str     0x0000000000001633       0x14 ../FW_2_bsp/\libhal_bsp.a(alt_errno.o)
                                        0x147 (size before relaxing)
 .debug_str     0x0000000000001647       0x1f ../FW_2_bsp/\libhal_bsp.a(alt_icache_flush_all.o)
                                        0x157 (size before relaxing)
 .debug_str     0x0000000000001666      0x48b ../FW_2_bsp/\libhal_bsp.a(alt_instruction_exception_entry.o)
                                        0x5a2 (size before relaxing)
 .debug_str     0x0000000000001af1       0x20 ../FW_2_bsp/\libhal_bsp.a(altera_nios2_gen2_irq.o)
                                        0x15e (size before relaxing)

.debug_loc      0x0000000000000000     0x2684
 *(.debug_loc)
 .debug_loc     0x0000000000000000      0xa60 obj/default/SHA.o
 .debug_loc     0x0000000000000a60      0x37e obj/default/optimize_mining_4.o
 .debug_loc     0x0000000000000dde       0x93 c:/intelfpga_lite/nios2eds/bin/gnu/h-x86_64-mingw32/bin/../lib/gcc/nios2-elf/5.3.0/mno-hw-mul\libgcc.a(lib2-mul.o)
 .debug_loc     0x0000000000000e71      0x135 c:/intelfpga_lite/nios2eds/bin/gnu/h-x86_64-mingw32/bin/../lib/gcc/nios2-elf/5.3.0/../../../../../H-x86_64-mingw32/nios2-elf/lib/mno-hw-mul\libsmallc.a(lib_a-memcpy.o)
 .debug_loc     0x0000000000000fa6       0xc6 c:/intelfpga_lite/nios2eds/bin/gnu/h-x86_64-mingw32/bin/../lib/gcc/nios2-elf/5.3.0/../../../../../H-x86_64-mingw32/nios2-elf/lib/mno-hw-mul\libsmallc.a(lib_a-printf.o)
 .debug_loc     0x000000000000106c       0x97 c:/intelfpga_lite/nios2eds/bin/gnu/h-x86_64-mingw32/bin/../lib/gcc/nios2-elf/5.3.0/../../../../../H-x86_64-mingw32/nios2-elf/lib/mno-hw-mul\libsmallc.a(lib_a-puts.o)
 .debug_loc     0x0000000000001103       0x1e c:/intelfpga_lite/nios2eds/bin/gnu/h-x86_64-mingw32/bin/../lib/gcc/nios2-elf/5.3.0/../../../../../H-x86_64-mingw32/nios2-elf/lib/mno-hw-mul\libsmallc.a(lib_a-strlen.o)
 .debug_loc     0x0000000000001121      0x954 c:/intelfpga_lite/nios2eds/bin/gnu/h-x86_64-mingw32/bin/../lib/gcc/nios2-elf/5.3.0/../../../../../H-x86_64-mingw32/nios2-elf/lib/mno-hw-mul\libsmallc.a(lib_a-vfprintf.o)
 .debug_loc     0x0000000000001a75      0x110 c:/intelfpga_lite/nios2eds/bin/gnu/h-x86_64-mingw32/bin/../lib/gcc/nios2-elf/5.3.0/../../../../../H-x86_64-mingw32/nios2-elf/lib/mno-hw-mul\libsmallc.a(lib_a-fvwrite_small_dev.o)
 .debug_loc     0x0000000000001b85       0xa5 c:/intelfpga_lite/nios2eds/bin/gnu/h-x86_64-mingw32/bin/../lib/gcc/nios2-elf/5.3.0/../../../../../H-x86_64-mingw32/nios2-elf/lib/mno-hw-mul\libsmallc.a(lib_a-writer.o)
 .debug_loc     0x0000000000001c2a      0x4ce c:/intelfpga_lite/nios2eds/bin/gnu/h-x86_64-mingw32/bin/../lib/gcc/nios2-elf/5.3.0/mno-hw-mul\libgcc.a(lib2-divmod.o)
 .debug_loc     0x00000000000020f8      0x170 ../FW_2_bsp/\libhal_bsp.a(alt_iic.o)
 .debug_loc     0x0000000000002268      0x193 ../FW_2_bsp/\libhal_bsp.a(alt_iic_isr_register.o)
 .debug_loc     0x00000000000023fb       0x72 ../FW_2_bsp/\libhal_bsp.a(alt_irq_handler.o)
 .debug_loc     0x000000000000246d       0x37 ../FW_2_bsp/\libhal_bsp.a(alt_putstr.o)
 .debug_loc     0x00000000000024a4       0xcf ../FW_2_bsp/\libhal_bsp.a(alt_write.o)
 .debug_loc     0x0000000000002573       0x21 ../FW_2_bsp/\libhal_bsp.a(alt_sys_init.o)
 .debug_loc     0x0000000000002594       0x8b ../FW_2_bsp/\libhal_bsp.a(altera_avalon_jtag_uart_write.o)
 .debug_loc     0x000000000000261f       0x65 ../FW_2_bsp/\libhal_bsp.a(alt_instruction_exception_entry.o)

.debug_macinfo
 *(.debug_macinfo)

.debug_weaknames
 *(.debug_weaknames)

.debug_funcnames
 *(.debug_funcnames)

.debug_typenames
 *(.debug_typenames)

.debug_varnames
 *(.debug_varnames)

.debug_alt_sim_info
                0x0000000000000000       0x10
 *(.debug_alt_sim_info)
 .debug_alt_sim_info
                0x0000000000000000       0x10 ../FW_2_bsp//obj/HAL/src/crt0.o
                0x00000000040be800                __alt_data_end = 0x40be800
                0x00000000040be800                PROVIDE (__alt_stack_pointer, __alt_data_end)
                [!provide]                        PROVIDE (__alt_stack_limit, __alt_stack_base)
                [!provide]                        PROVIDE (__alt_heap_start, end)
                [!provide]                        PROVIDE (__alt_heap_limit, 0x40be800)
OUTPUT(FW_2.elf elf32-littlenios2)

.debug_ranges   0x0000000000000000      0x3f8
 .debug_ranges  0x0000000000000000       0x20 ../FW_2_bsp//obj/HAL/src/crt0.o
 .debug_ranges  0x0000000000000020       0x18 obj/default/SHA.o
 .debug_ranges  0x0000000000000038      0x128 obj/default/optimize_mining_4.o
 .debug_ranges  0x0000000000000160       0x10 c:/intelfpga_lite/nios2eds/bin/gnu/h-x86_64-mingw32/bin/../lib/gcc/nios2-elf/5.3.0/../../../../../H-x86_64-mingw32/nios2-elf/lib/mno-hw-mul\libsmallc.a(lib_a-memcpy.o)
 .debug_ranges  0x0000000000000170       0x18 c:/intelfpga_lite/nios2eds/bin/gnu/h-x86_64-mingw32/bin/../lib/gcc/nios2-elf/5.3.0/../../../../../H-x86_64-mingw32/nios2-elf/lib/mno-hw-mul\libsmallc.a(lib_a-printf.o)
 .debug_ranges  0x0000000000000188       0x18 c:/intelfpga_lite/nios2eds/bin/gnu/h-x86_64-mingw32/bin/../lib/gcc/nios2-elf/5.3.0/../../../../../H-x86_64-mingw32/nios2-elf/lib/mno-hw-mul\libsmallc.a(lib_a-puts.o)
 .debug_ranges  0x00000000000001a0       0x10 c:/intelfpga_lite/nios2eds/bin/gnu/h-x86_64-mingw32/bin/../lib/gcc/nios2-elf/5.3.0/../../../../../H-x86_64-mingw32/nios2-elf/lib/mno-hw-mul\libsmallc.a(lib_a-strlen.o)
 .debug_ranges  0x00000000000001b0       0xc8 c:/intelfpga_lite/nios2eds/bin/gnu/h-x86_64-mingw32/bin/../lib/gcc/nios2-elf/5.3.0/../../../../../H-x86_64-mingw32/nios2-elf/lib/mno-hw-mul\libsmallc.a(lib_a-vfprintf.o)
 .debug_ranges  0x0000000000000278       0x28 c:/intelfpga_lite/nios2eds/bin/gnu/h-x86_64-mingw32/bin/../lib/gcc/nios2-elf/5.3.0/../../../../../H-x86_64-mingw32/nios2-elf/lib/mno-hw-mul\libsmallc.a(lib_a-fvwrite_small_dev.o)
 .debug_ranges  0x00000000000002a0       0x10 c:/intelfpga_lite/nios2eds/bin/gnu/h-x86_64-mingw32/bin/../lib/gcc/nios2-elf/5.3.0/../../../../../H-x86_64-mingw32/nios2-elf/lib/mno-hw-mul\libsmallc.a(lib_a-writer.o)
 .debug_ranges  0x00000000000002b0       0x60 c:/intelfpga_lite/nios2eds/bin/gnu/h-x86_64-mingw32/bin/../lib/gcc/nios2-elf/5.3.0/mno-hw-mul\libgcc.a(lib2-divmod.o)
 .debug_ranges  0x0000000000000310       0x28 ../FW_2_bsp/\libhal_bsp.a(alt_irq_entry.o)
 .debug_ranges  0x0000000000000338       0x10 ../FW_2_bsp/\libhal_bsp.a(alt_irq_handler.o)
 .debug_ranges  0x0000000000000348       0x48 ../FW_2_bsp/\libhal_bsp.a(alt_load.o)
 .debug_ranges  0x0000000000000390       0x20 ../FW_2_bsp/\libhal_bsp.a(alt_write.o)
 .debug_ranges  0x00000000000003b0       0x30 ../FW_2_bsp/\libhal_bsp.a(alt_exception_entry.o)
 .debug_ranges  0x00000000000003e0       0x18 ../FW_2_bsp/\libhal_bsp.a(alt_instruction_exception_entry.o)
